14:14:51 **** Build of configuration Debug for project Firmware ****
make all 
arm-none-eabi-gcc "../USB/Core/Src/usbd_conf.c" -mcpu=cortex-m0 -std=gnu11 -g3 -DDEBUG -DUSE_HAL_DRIVER -DSTM32F042x6 -c -I./Core/Inc -I./Drivers/STM32F0xx_HAL_Driver/Inc -I./Drivers/STM32F0xx_HAL_Driver/Inc/Legacy -I./Drivers/CMSIS/Device/ST/STM32F0xx/Include -I./Drivers/CMSIS/Include -I./USB/Core/Inc -I./USB/Class/RADIO/Inc -I./USB/Class/CustomHID/Inc -Og -ffunction-sections -fdata-sections -Wall -Wextra -pedantic -pedantic-errors -Wmissing-include-dirs -Wswitch-default -Wswitch-enum -Wconversion -fstack-usage -fcyclomatic-complexity -MMD -MP -MF"USB/Core/Src/usbd_conf.d" -MT"USB/Core/Src/usbd_conf.o" --specs=nano.specs -mfloat-abi=soft -mthumb -o "USB/Core/Src/usbd_conf.o"
cc1.exe: warning: ./Core/Inc: No such file or directory [-Wmissing-include-dirs]
cc1.exe: warning: ./Drivers/STM32F0xx_HAL_Driver/Inc: No such file or directory [-Wmissing-include-dirs]
cc1.exe: warning: ./Drivers/STM32F0xx_HAL_Driver/Inc/Legacy: No such file or directory [-Wmissing-include-dirs]
cc1.exe: warning: ./Drivers/CMSIS/Device/ST/STM32F0xx/Include: No such file or directory [-Wmissing-include-dirs]
cc1.exe: warning: ./Drivers/CMSIS/Include: No such file or directory [-Wmissing-include-dirs]
cc1.exe: warning: ./USB/Core/Inc: No such file or directory [-Wmissing-include-dirs]
cc1.exe: warning: ./USB/Class/RADIO/Inc: No such file or directory [-Wmissing-include-dirs]
cc1.exe: warning: ./USB/Class/CustomHID/Inc: No such file or directory [-Wmissing-include-dirs]
../USB/Core/Src/usbd_conf.c:22:10: fatal error: main.h: No such file or directory
   22 | #include "main.h"
      |          ^~~~~~~~
compilation terminated.
make: *** [USB/Core/Src/subdir.mk:31: USB/Core/Src/usbd_conf.o] Error 1
"make all" terminated with exit code 2. Build might be incomplete.
14:30:24 **** Clean-only build of configuration Debug for project Firmware ****
make clean 
rm -rf ./USB/Core/Src/usbd_conf.cyclo ./USB/Core/Src/usbd_conf.d ./USB/Core/Src/usbd_conf.o ./USB/Core/Src/usbd_conf.su ./USB/Core/Src/usbd_core.cyclo ./USB/Core/Src/usbd_core.d ./USB/Core/Src/usbd_core.o ./USB/Core/Src/usbd_core.su ./USB/Core/Src/usbd_ctlreq.cyclo ./USB/Core/Src/usbd_ctlreq.d ./USB/Core/Src/usbd_ctlreq.o ./USB/Core/Src/usbd_ctlreq.su ./USB/Core/Src/usbd_desc.cyclo ./USB/Core/Src/usbd_desc.d ./USB/Core/Src/usbd_desc.o ./USB/Core/Src/usbd_desc.su ./USB/Core/Src/usbd_ioreq.cyclo ./USB/Core/Src/usbd_ioreq.d ./USB/Core/Src/usbd_ioreq.o ./USB/Core/Src/usbd_ioreq.su
rm -rf ./USB/Class/RADIO/Src/usbd_radio.cyclo ./USB/Class/RADIO/Src/usbd_radio.d ./USB/Class/RADIO/Src/usbd_radio.o ./USB/Class/RADIO/Src/usbd_radio.su
rm -rf ./USB/Class/CustomHID/Src/usbd_customhid.cyclo ./USB/Class/CustomHID/Src/usbd_customhid.d ./USB/Class/CustomHID/Src/usbd_customhid.o ./USB/Class/CustomHID/Src/usbd_customhid.su
rm -rf ./Drivers/STM32F0xx_HAL_Driver/Src/stm32f0xx_hal.cyclo ./Drivers/STM32F0xx_HAL_Driver/Src/stm32f0xx_hal.d ./Drivers/STM32F0xx_HAL_Driver/Src/stm32f0xx_hal.o ./Drivers/STM32F0xx_HAL_Driver/Src/stm32f0xx_hal.su ./Drivers/STM32F0xx_HAL_Driver/Src/stm32f0xx_hal_cortex.cyclo ./Drivers/STM32F0xx_HAL_Driver/Src/stm32f0xx_hal_cortex.d ./Drivers/STM32F0xx_HAL_Driver/Src/stm32f0xx_hal_cortex.o ./Drivers/STM32F0xx_HAL_Driver/Src/stm32f0xx_hal_cortex.su ./Drivers/STM32F0xx_HAL_Driver/Src/stm32f0xx_hal_dma.cyclo ./Drivers/STM32F0xx_HAL_Driver/Src/stm32f0xx_hal_dma.d ./Drivers/STM32F0xx_HAL_Driver/Src/stm32f0xx_hal_dma.o ./Drivers/STM32F0xx_HAL_Driver/Src/stm32f0xx_hal_dma.su ./Drivers/STM32F0xx_HAL_Driver/Src/stm32f0xx_hal_exti.cyclo ./Drivers/STM32F0xx_HAL_Driver/Src/stm32f0xx_hal_exti.d ./Drivers/STM32F0xx_HAL_Driver/Src/stm32f0xx_hal_exti.o ./Drivers/STM32F0xx_HAL_Driver/Src/stm32f0xx_hal_exti.su ./Drivers/STM32F0xx_HAL_Driver/Src/stm32f0xx_hal_flash.cyclo ./Drivers/STM32F0xx_HAL_Driver/Src/stm32f0xx_hal_flash.d ./Drivers/STM32F0xx_HAL_Driver/Src/stm32f0xx_hal_flash.o ./Drivers/STM32F0xx_HAL_Driver/Src/stm32f0xx_hal_flash.su ./Drivers/STM32F0xx_HAL_Driver/Src/stm32f0xx_hal_flash_ex.cyclo ./Drivers/STM32F0xx_HAL_Driver/Src/stm32f0xx_hal_flash_ex.d ./Drivers/STM32F0xx_HAL_Driver/Src/stm32f0xx_hal_flash_ex.o ./Drivers/STM32F0xx_HAL_Driver/Src/stm32f0xx_hal_flash_ex.su ./Drivers/STM32F0xx_HAL_Driver/Src/stm32f0xx_hal_gpio.cyclo ./Drivers/STM32F0xx_HAL_Driver/Src/stm32f0xx_hal_gpio.d ./Drivers/STM32F0xx_HAL_Driver/Src/stm32f0xx_hal_gpio.o ./Drivers/STM32F0xx_HAL_Driver/Src/stm32f0xx_hal_gpio.su ./Drivers/STM32F0xx_HAL_Driver/Src/stm32f0xx_hal_i2c.cyclo ./Drivers/STM32F0xx_HAL_Driver/Src/stm32f0xx_hal_i2c.d ./Drivers/STM32F0xx_HAL_Driver/Src/stm32f0xx_hal_i2c.o ./Drivers/STM32F0xx_HAL_Driver/Src/stm32f0xx_hal_i2c.su ./Drivers/STM32F0xx_HAL_Driver/Src/stm32f0xx_hal_i2c_ex.cyclo ./Drivers/STM32F0xx_HAL_Driver/Src/stm32f0xx_hal_i2c_ex.d ./Drivers/STM32F0xx_HAL_Driver/Src/stm32f0xx_hal_i2c_ex.o ./Drivers/STM32F0xx_HAL_Driver/Src/stm32f0xx_hal_i2c_ex.su ./Drivers/STM32F0xx_HAL_Driver/Src/stm32f0xx_hal_i2s.cyclo ./Drivers/STM32F0xx_HAL_Driver/Src/stm32f0xx_hal_i2s.d ./Drivers/STM32F0xx_HAL_Driver/Src/stm32f0xx_hal_i2s.o ./Drivers/STM32F0xx_HAL_Driver/Src/stm32f0xx_hal_i2s.su ./Drivers/STM32F0xx_HAL_Driver/Src/stm32f0xx_hal_pcd.cyclo ./Drivers/STM32F0xx_HAL_Driver/Src/stm32f0xx_hal_pcd.d ./Drivers/STM32F0xx_HAL_Driver/Src/stm32f0xx_hal_pcd.o ./Drivers/STM32F0xx_HAL_Driver/Src/stm32f0xx_hal_pcd.su ./Drivers/STM32F0xx_HAL_Driver/Src/stm32f0xx_hal_pcd_ex.cyclo ./Drivers/STM32F0xx_HAL_Driver/Src/stm32f0xx_hal_pcd_ex.d ./Drivers/STM32F0xx_HAL_Driver/Src/stm32f0xx_hal_pcd_ex.o ./Drivers/STM32F0xx_HAL_Driver/Src/stm32f0xx_hal_pcd_ex.su ./Drivers/STM32F0xx_HAL_Driver/Src/stm32f0xx_hal_pwr.cyclo ./Drivers/STM32F0xx_HAL_Driver/Src/stm32f0xx_hal_pwr.d ./Drivers/STM32F0xx_HAL_Driver/Src/stm32f0xx_hal_pwr.o ./Drivers/STM32F0xx_HAL_Driver/Src/stm32f0xx_hal_pwr.su ./Drivers/STM32F0xx_HAL_Driver/Src/stm32f0xx_hal_pwr_ex.cyclo ./Drivers/STM32F0xx_HAL_Driver/Src/stm32f0xx_hal_pwr_ex.d ./Drivers/STM32F0xx_HAL_Driver/Src/stm32f0xx_hal_pwr_ex.o ./Drivers/STM32F0xx_HAL_Driver/Src/stm32f0xx_hal_pwr_ex.su ./Drivers/STM32F0xx_HAL_Driver/Src/stm32f0xx_hal_rcc.cyclo ./Drivers/STM32F0xx_HAL_Driver/Src/stm32f0xx_hal_rcc.d ./Drivers/STM32F0xx_HAL_Driver/Src/stm32f0xx_hal_rcc.o ./Drivers/STM32F0xx_HAL_Driver/Src/stm32f0xx_hal_rcc.su ./Drivers/STM32F0xx_HAL_Driver/Src/stm32f0xx_hal_rcc_ex.cyclo ./Drivers/STM32F0xx_HAL_Driver/Src/stm32f0xx_hal_rcc_ex.d ./Drivers/STM32F0xx_HAL_Driver/Src/stm32f0xx_hal_rcc_ex.o ./Drivers/STM32F0xx_HAL_Driver/Src/stm32f0xx_hal_rcc_ex.su ./Drivers/STM32F0xx_HAL_Driver/Src/stm32f0xx_ll_usb.cyclo ./Drivers/STM32F0xx_HAL_Driver/Src/stm32f0xx_ll_usb.d ./Drivers/STM32F0xx_HAL_Driver/Src/stm32f0xx_ll_usb.o ./Drivers/STM32F0xx_HAL_Driver/Src/stm32f0xx_ll_usb.su
rm -rf ./Core/Startup/startup_stm32f042c6tx.d ./Core/Startup/startup_stm32f042c6tx.o
rm -rf ./Core/Src/dma.cyclo ./Core/Src/dma.d ./Core/Src/dma.o ./Core/Src/dma.su ./Core/Src/gpio.cyclo ./Core/Src/gpio.d ./Core/Src/gpio.o ./Core/Src/gpio.su ./Core/Src/i2c.cyclo ./Core/Src/i2c.d ./Core/Src/i2c.o ./Core/Src/i2c.su ./Core/Src/i2s.cyclo ./Core/Src/i2s.d ./Core/Src/i2s.o ./Core/Src/i2s.su ./Core/Src/main.cyclo ./Core/Src/main.d ./Core/Src/main.o ./Core/Src/main.su ./Core/Src/si4705.cyclo ./Core/Src/si4705.d ./Core/Src/si4705.o ./Core/Src/si4705.su ./Core/Src/stm32f0xx_hal_msp.cyclo ./Core/Src/stm32f0xx_hal_msp.d ./Core/Src/stm32f0xx_hal_msp.o ./Core/Src/stm32f0xx_hal_msp.su ./Core/Src/stm32f0xx_it.cyclo ./Core/Src/stm32f0xx_it.d ./Core/Src/stm32f0xx_it.o ./Core/Src/stm32f0xx_it.su ./Core/Src/syscalls.cyclo ./Core/Src/syscalls.d ./Core/Src/syscalls.o ./Core/Src/syscalls.su ./Core/Src/sysmem.cyclo ./Core/Src/sysmem.d ./Core/Src/sysmem.o ./Core/Src/sysmem.su ./Core/Src/system_stm32f0xx.cyclo ./Core/Src/system_stm32f0xx.d ./Core/Src/system_stm32f0xx.o ./Core/Src/system_stm32f0xx.su ./Core/Src/usb_device.cyclo ./Core/Src/usb_device.d ./Core/Src/usb_device.o ./Core/Src/usb_device.su
rm -rf Firmware.elf Firmware.list Firmware.map default.size.stdout
 
14:30:24 **** Build of configuration Debug for project Firmware ****
make all 
arm-none-eabi-gcc "../USB/Core/Src/usbd_conf.c" -mcpu=cortex-m0 -std=gnu11 -g3 -DDEBUG -DUSE_HAL_DRIVER -DSTM32F042x6 -c -I./Core/Inc -I"E:/USB FM Radio/Code/usb-fm-radio/Firmware/Core/Inc" -I"E:/USB FM Radio/Code/usb-fm-radio/Firmware/Drivers/STM32F0xx_HAL_Driver/Inc" -I"E:/USB FM Radio/Code/usb-fm-radio/Firmware/Drivers/STM32F0xx_HAL_Driver/Inc/Legacy" -I"E:/USB FM Radio/Code/usb-fm-radio/Firmware/Drivers/CMSIS/Device/ST/STM32F0xx/Include" -I"E:/USB FM Radio/Code/usb-fm-radio/Firmware/Drivers/CMSIS/Include" -I"E:/USB FM Radio/Code/usb-fm-radio/Firmware/USB/Core/Inc" -I"E:/USB FM Radio/Code/usb-fm-radio/Firmware/USB/Class/RADIO/Inc" -I"E:/USB FM Radio/Code/usb-fm-radio/Firmware/USB/Class/CustomHID/Inc" -Og -ffunction-sections -fdata-sections -Wall -Wextra -pedantic -pedantic-errors -Wmissing-include-dirs -Wswitch-default -Wswitch-enum -Wconversion -fstack-usage -fcyclomatic-complexity -MMD -MP -MF"USB/Core/Src/usbd_conf.d" -MT"USB/Core/Src/usbd_conf.o" --specs=nano.specs -mfloat-abi=soft -mthumb -o "USB/Core/Src/usbd_conf.o"
cc1.exe: warning: ./Core/Inc: No such file or directory [-Wmissing-include-dirs]
arm-none-eabi-gcc "../USB/Core/Src/usbd_core.c" -mcpu=cortex-m0 -std=gnu11 -g3 -DDEBUG -DUSE_HAL_DRIVER -DSTM32F042x6 -c -I./Core/Inc -I"E:/USB FM Radio/Code/usb-fm-radio/Firmware/Core/Inc" -I"E:/USB FM Radio/Code/usb-fm-radio/Firmware/Drivers/STM32F0xx_HAL_Driver/Inc" -I"E:/USB FM Radio/Code/usb-fm-radio/Firmware/Drivers/STM32F0xx_HAL_Driver/Inc/Legacy" -I"E:/USB FM Radio/Code/usb-fm-radio/Firmware/Drivers/CMSIS/Device/ST/STM32F0xx/Include" -I"E:/USB FM Radio/Code/usb-fm-radio/Firmware/Drivers/CMSIS/Include" -I"E:/USB FM Radio/Code/usb-fm-radio/Firmware/USB/Core/Inc" -I"E:/USB FM Radio/Code/usb-fm-radio/Firmware/USB/Class/RADIO/Inc" -I"E:/USB FM Radio/Code/usb-fm-radio/Firmware/USB/Class/CustomHID/Inc" -Og -ffunction-sections -fdata-sections -Wall -Wextra -pedantic -pedantic-errors -Wmissing-include-dirs -Wswitch-default -Wswitch-enum -Wconversion -fstack-usage -fcyclomatic-complexity -MMD -MP -MF"USB/Core/Src/usbd_core.d" -MT"USB/Core/Src/usbd_core.o" --specs=nano.specs -mfloat-abi=soft -mthumb -o "USB/Core/Src/usbd_core.o"
cc1.exe: warning: ./Core/Inc: No such file or directory [-Wmissing-include-dirs]
arm-none-eabi-gcc "../USB/Core/Src/usbd_ctlreq.c" -mcpu=cortex-m0 -std=gnu11 -g3 -DDEBUG -DUSE_HAL_DRIVER -DSTM32F042x6 -c -I./Core/Inc -I"E:/USB FM Radio/Code/usb-fm-radio/Firmware/Core/Inc" -I"E:/USB FM Radio/Code/usb-fm-radio/Firmware/Drivers/STM32F0xx_HAL_Driver/Inc" -I"E:/USB FM Radio/Code/usb-fm-radio/Firmware/Drivers/STM32F0xx_HAL_Driver/Inc/Legacy" -I"E:/USB FM Radio/Code/usb-fm-radio/Firmware/Drivers/CMSIS/Device/ST/STM32F0xx/Include" -I"E:/USB FM Radio/Code/usb-fm-radio/Firmware/Drivers/CMSIS/Include" -I"E:/USB FM Radio/Code/usb-fm-radio/Firmware/USB/Core/Inc" -I"E:/USB FM Radio/Code/usb-fm-radio/Firmware/USB/Class/RADIO/Inc" -I"E:/USB FM Radio/Code/usb-fm-radio/Firmware/USB/Class/CustomHID/Inc" -Og -ffunction-sections -fdata-sections -Wall -Wextra -pedantic -pedantic-errors -Wmissing-include-dirs -Wswitch-default -Wswitch-enum -Wconversion -fstack-usage -fcyclomatic-complexity -MMD -MP -MF"USB/Core/Src/usbd_ctlreq.d" -MT"USB/Core/Src/usbd_ctlreq.o" --specs=nano.specs -mfloat-abi=soft -mthumb -o "USB/Core/Src/usbd_ctlreq.o"
cc1.exe: warning: ./Core/Inc: No such file or directory [-Wmissing-include-dirs]
In file included from E:/USB FM Radio/Code/usb-fm-radio/Firmware/USB/Core/Inc/usbd_ctlreq.h:28,
                 from ../USB/Core/Src/usbd_ctlreq.c:20:
../USB/Core/Src/usbd_ctlreq.c: In function 'USBD_GetString':
E:/USB FM Radio/Code/usb-fm-radio/Firmware/USB/Core/Inc/usbd_def.h:463:20: warning: conversion from 'unsigned int' to 'uint16_t' {aka 'short unsigned int'} may change value [-Wconversion]
  463 | #define MIN(a, b)  (((a) < (b)) ? (a) : (b))
      |                    ^
../USB/Core/Src/usbd_ctlreq.c:1019:16: note: in expansion of macro 'MIN'
 1019 |         *len = MIN(USBD_MAX_STR_DESC_SIZ, ((uint16_t )USBD_GetLen(pdesc) * 2U) + 2U);
      |                ^~~
arm-none-eabi-gcc "../USB/Core/Src/usbd_desc.c" -mcpu=cortex-m0 -std=gnu11 -g3 -DDEBUG -DUSE_HAL_DRIVER -DSTM32F042x6 -c -I./Core/Inc -I"E:/USB FM Radio/Code/usb-fm-radio/Firmware/Core/Inc" -I"E:/USB FM Radio/Code/usb-fm-radio/Firmware/Drivers/STM32F0xx_HAL_Driver/Inc" -I"E:/USB FM Radio/Code/usb-fm-radio/Firmware/Drivers/STM32F0xx_HAL_Driver/Inc/Legacy" -I"E:/USB FM Radio/Code/usb-fm-radio/Firmware/Drivers/CMSIS/Device/ST/STM32F0xx/Include" -I"E:/USB FM Radio/Code/usb-fm-radio/Firmware/Drivers/CMSIS/Include" -I"E:/USB FM Radio/Code/usb-fm-radio/Firmware/USB/Core/Inc" -I"E:/USB FM Radio/Code/usb-fm-radio/Firmware/USB/Class/RADIO/Inc" -I"E:/USB FM Radio/Code/usb-fm-radio/Firmware/USB/Class/CustomHID/Inc" -Og -ffunction-sections -fdata-sections -Wall -Wextra -pedantic -pedantic-errors -Wmissing-include-dirs -Wswitch-default -Wswitch-enum -Wconversion -fstack-usage -fcyclomatic-complexity -MMD -MP -MF"USB/Core/Src/usbd_desc.d" -MT"USB/Core/Src/usbd_desc.o" --specs=nano.specs -mfloat-abi=soft -mthumb -o "USB/Core/Src/usbd_desc.o"
cc1.exe: warning: ./Core/Inc: No such file or directory [-Wmissing-include-dirs]
../USB/Core/Src/usbd_desc.c: In function 'IntToUnicode':
../USB/Core/Src/usbd_desc.c:253:42: warning: conversion from 'long unsigned int' to 'uint8_t' {aka 'unsigned char'} may change value [-Wconversion]
  253 |                         pbuf[2U * idx] = (value >> 28) + '0';
      |                                          ^
../USB/Core/Src/usbd_desc.c:257:42: warning: conversion from 'long unsigned int' to 'uint8_t' {aka 'unsigned char'} may change value [-Wconversion]
  257 |                         pbuf[2U * idx] = (value >> 28) + 'A' - 10U;
      |                                          ^
arm-none-eabi-gcc "../USB/Core/Src/usbd_ioreq.c" -mcpu=cortex-m0 -std=gnu11 -g3 -DDEBUG -DUSE_HAL_DRIVER -DSTM32F042x6 -c -I./Core/Inc -I"E:/USB FM Radio/Code/usb-fm-radio/Firmware/Core/Inc" -I"E:/USB FM Radio/Code/usb-fm-radio/Firmware/Drivers/STM32F0xx_HAL_Driver/Inc" -I"E:/USB FM Radio/Code/usb-fm-radio/Firmware/Drivers/STM32F0xx_HAL_Driver/Inc/Legacy" -I"E:/USB FM Radio/Code/usb-fm-radio/Firmware/Drivers/CMSIS/Device/ST/STM32F0xx/Include" -I"E:/USB FM Radio/Code/usb-fm-radio/Firmware/Drivers/CMSIS/Include" -I"E:/USB FM Radio/Code/usb-fm-radio/Firmware/USB/Core/Inc" -I"E:/USB FM Radio/Code/usb-fm-radio/Firmware/USB/Class/RADIO/Inc" -I"E:/USB FM Radio/Code/usb-fm-radio/Firmware/USB/Class/CustomHID/Inc" -Og -ffunction-sections -fdata-sections -Wall -Wextra -pedantic -pedantic-errors -Wmissing-include-dirs -Wswitch-default -Wswitch-enum -Wconversion -fstack-usage -fcyclomatic-complexity -MMD -MP -MF"USB/Core/Src/usbd_ioreq.d" -MT"USB/Core/Src/usbd_ioreq.o" --specs=nano.specs -mfloat-abi=soft -mthumb -o "USB/Core/Src/usbd_ioreq.o"
cc1.exe: warning: ./Core/Inc: No such file or directory [-Wmissing-include-dirs]
arm-none-eabi-gcc "../USB/Class/RADIO/Src/usbd_radio.c" -mcpu=cortex-m0 -std=gnu11 -g3 -DDEBUG -DUSE_HAL_DRIVER -DSTM32F042x6 -c -I./Core/Inc -I"E:/USB FM Radio/Code/usb-fm-radio/Firmware/Core/Inc" -I"E:/USB FM Radio/Code/usb-fm-radio/Firmware/Drivers/STM32F0xx_HAL_Driver/Inc" -I"E:/USB FM Radio/Code/usb-fm-radio/Firmware/Drivers/STM32F0xx_HAL_Driver/Inc/Legacy" -I"E:/USB FM Radio/Code/usb-fm-radio/Firmware/Drivers/CMSIS/Device/ST/STM32F0xx/Include" -I"E:/USB FM Radio/Code/usb-fm-radio/Firmware/Drivers/CMSIS/Include" -I"E:/USB FM Radio/Code/usb-fm-radio/Firmware/USB/Core/Inc" -I"E:/USB FM Radio/Code/usb-fm-radio/Firmware/USB/Class/RADIO/Inc" -I"E:/USB FM Radio/Code/usb-fm-radio/Firmware/USB/Class/CustomHID/Inc" -Og -ffunction-sections -fdata-sections -Wall -Wextra -pedantic -pedantic-errors -Wmissing-include-dirs -Wswitch-default -Wswitch-enum -Wconversion -fstack-usage -fcyclomatic-complexity -MMD -MP -MF"USB/Class/RADIO/Src/usbd_radio.d" -MT"USB/Class/RADIO/Src/usbd_radio.o" --specs=nano.specs -mfloat-abi=soft -mthumb -o "USB/Class/RADIO/Src/usbd_radio.o"
cc1.exe: warning: ./Core/Inc: No such file or directory [-Wmissing-include-dirs]
In file included from E:/USB FM Radio/Code/usb-fm-radio/Firmware/USB/Core/Inc/usbd_ioreq.h:28,
                 from E:/USB FM Radio/Code/usb-fm-radio/Firmware/USB/Class/RADIO/Inc/usbd_radio.h:28,
                 from ../USB/Class/RADIO/Src/usbd_radio.c:50:
../USB/Class/RADIO/Src/usbd_radio.c: In function 'USBD_RADIO_Setup':
E:/USB FM Radio/Code/usb-fm-radio/Firmware/USB/Core/Inc/usbd_def.h:463:20: warning: conversion from 'unsigned int' to 'uint8_t' {aka 'unsigned char'} may change value [-Wconversion]
  463 | #define MIN(a, b)  (((a) < (b)) ? (a) : (b))
      |                    ^
../USB/Class/RADIO/Src/usbd_radio.c:384:87: note: in expansion of macro 'MIN'
  384 |                                                                 haudio->control.len = MIN(req->wLength, USB_MAX_EP0_SIZE);
      |                                                                                       ^~~
E:/USB FM Radio/Code/usb-fm-radio/Firmware/USB/Core/Inc/usbd_def.h:463:20: warning: conversion from 'unsigned int' to 'uint8_t' {aka 'unsigned char'} may change value [-Wconversion]
  463 | #define MIN(a, b)  (((a) < (b)) ? (a) : (b))
      |                    ^
../USB/Class/RADIO/Src/usbd_radio.c:410:87: note: in expansion of macro 'MIN'
  410 |                                                                 haudio->control.len = MIN(req->wLength, USB_MAX_EP0_SIZE);
      |                                                                                       ^~~
E:/USB FM Radio/Code/usb-fm-radio/Firmware/USB/Core/Inc/usbd_def.h:443:36: warning: conversion to 'unsigned int' from 'int' may change the sign of the result [-Wsign-conversion]
  443 | #define HIBYTE(x)  ((uint8_t)(((x) & 0xFF00U) >> 8U))
      |                                    ^
../USB/Class/RADIO/Src/usbd_radio.c:417:91: note: in expansion of macro 'HIBYTE'
  417 |                                                                 haudio->control.data[1] = HIBYTE(usbVolume);
      |                                                                                           ^~~~~~
E:/USB FM Radio/Code/usb-fm-radio/Firmware/USB/Core/Inc/usbd_def.h:463:20: warning: conversion from 'unsigned int' to 'uint8_t' {aka 'unsigned char'} may change value [-Wconversion]
  463 | #define MIN(a, b)  (((a) < (b)) ? (a) : (b))
      |                    ^
../USB/Class/RADIO/Src/usbd_radio.c:449:87: note: in expansion of macro 'MIN'
  449 |                                                                 haudio->control.len = MIN(req->wLength, USB_MAX_EP0_SIZE);
      |                                                                                       ^~~
E:/USB FM Radio/Code/usb-fm-radio/Firmware/USB/Core/Inc/usbd_def.h:443:36: warning: conversion to 'unsigned int' from 'int' may change the sign of the result [-Wsign-conversion]
  443 | #define HIBYTE(x)  ((uint8_t)(((x) & 0xFF00U) >> 8U))
      |                                    ^
../USB/Class/RADIO/Src/usbd_radio.c:456:91: note: in expansion of macro 'HIBYTE'
  456 |                                                                 haudio->control.data[1] = HIBYTE(usbVolume);
      |                                                                                           ^~~~~~
E:/USB FM Radio/Code/usb-fm-radio/Firmware/USB/Core/Inc/usbd_def.h:463:20: warning: conversion from 'unsigned int' to 'uint8_t' {aka 'unsigned char'} may change value [-Wconversion]
  463 | #define MIN(a, b)  (((a) < (b)) ? (a) : (b))
      |                    ^
../USB/Class/RADIO/Src/usbd_radio.c:489:87: note: in expansion of macro 'MIN'
  489 |                                                                 haudio->control.len = MIN(req->wLength, USB_MAX_EP0_SIZE);
      |                                                                                       ^~~
E:/USB FM Radio/Code/usb-fm-radio/Firmware/USB/Core/Inc/usbd_def.h:443:36: warning: conversion to 'unsigned int' from 'int' may change the sign of the result [-Wsign-conversion]
  443 | #define HIBYTE(x)  ((uint8_t)(((x) & 0xFF00U) >> 8U))
      |                                    ^
../USB/Class/RADIO/Src/usbd_radio.c:496:91: note: in expansion of macro 'HIBYTE'
  496 |                                                                 haudio->control.data[1] = HIBYTE(usbVolume);
      |                                                                                           ^~~~~~
E:/USB FM Radio/Code/usb-fm-radio/Firmware/USB/Core/Inc/usbd_def.h:463:20: warning: conversion from 'unsigned int' to 'uint8_t' {aka 'unsigned char'} may change value [-Wconversion]
  463 | #define MIN(a, b)  (((a) < (b)) ? (a) : (b))
      |                    ^
../USB/Class/RADIO/Src/usbd_radio.c:529:87: note: in expansion of macro 'MIN'
  529 |                                                                 haudio->control.len = MIN(req->wLength, USB_MAX_EP0_SIZE);
      |                                                                                       ^~~
E:/USB FM Radio/Code/usb-fm-radio/Firmware/USB/Core/Inc/usbd_def.h:463:20: warning: conversion from 'unsigned int' to 'uint8_t' {aka 'unsigned char'} may change value [-Wconversion]
  463 | #define MIN(a, b)  (((a) < (b)) ? (a) : (b))
      |                    ^
../USB/Class/RADIO/Src/usbd_radio.c:556:71: note: in expansion of macro 'MIN'
  556 |                                                 haudio->control.len = MIN(req->wLength, USB_MAX_EP0_SIZE);
      |                                                                       ^~~
E:/USB FM Radio/Code/usb-fm-radio/Firmware/USB/Core/Inc/usbd_def.h:463:20: warning: conversion from 'unsigned int' to 'uint8_t' {aka 'unsigned char'} may change value [-Wconversion]
  463 | #define MIN(a, b)  (((a) < (b)) ? (a) : (b))
      |                    ^
../USB/Class/RADIO/Src/usbd_radio.c:594:87: note: in expansion of macro 'MIN'
  594 |                                                                 haudio->control.len = MIN(req->wLength, USB_MAX_EP0_SIZE);
      |                                                                                       ^~~
E:/USB FM Radio/Code/usb-fm-radio/Firmware/USB/Core/Inc/usbd_def.h:463:20: warning: conversion from 'unsigned int' to 'uint8_t' {aka 'unsigned char'} may change value [-Wconversion]
  463 | #define MIN(a, b)  (((a) < (b)) ? (a) : (b))
      |                    ^
../USB/Class/RADIO/Src/usbd_radio.c:630:71: note: in expansion of macro 'MIN'
  630 |                                                 haudio->control.len = MIN(req->wLength, USB_MAX_EP0_SIZE);
      |                                                                       ^~~
arm-none-eabi-gcc "../USB/Class/CustomHID/Src/usbd_customhid.c" -mcpu=cortex-m0 -std=gnu11 -g3 -DDEBUG -DUSE_HAL_DRIVER -DSTM32F042x6 -c -I./Core/Inc -I"E:/USB FM Radio/Code/usb-fm-radio/Firmware/Core/Inc" -I"E:/USB FM Radio/Code/usb-fm-radio/Firmware/Drivers/STM32F0xx_HAL_Driver/Inc" -I"E:/USB FM Radio/Code/usb-fm-radio/Firmware/Drivers/STM32F0xx_HAL_Driver/Inc/Legacy" -I"E:/USB FM Radio/Code/usb-fm-radio/Firmware/Drivers/CMSIS/Device/ST/STM32F0xx/Include" -I"E:/USB FM Radio/Code/usb-fm-radio/Firmware/Drivers/CMSIS/Include" -I"E:/USB FM Radio/Code/usb-fm-radio/Firmware/USB/Core/Inc" -I"E:/USB FM Radio/Code/usb-fm-radio/Firmware/USB/Class/RADIO/Inc" -I"E:/USB FM Radio/Code/usb-fm-radio/Firmware/USB/Class/CustomHID/Inc" -Og -ffunction-sections -fdata-sections -Wall -Wextra -pedantic -pedantic-errors -Wmissing-include-dirs -Wswitch-default -Wswitch-enum -Wconversion -fstack-usage -fcyclomatic-complexity -MMD -MP -MF"USB/Class/CustomHID/Src/usbd_customhid.d" -MT"USB/Class/CustomHID/Src/usbd_customhid.o" --specs=nano.specs -mfloat-abi=soft -mthumb -o "USB/Class/CustomHID/Src/usbd_customhid.o"
cc1.exe: warning: ./Core/Inc: No such file or directory [-Wmissing-include-dirs]
arm-none-eabi-gcc "../Drivers/STM32F0xx_HAL_Driver/Src/stm32f0xx_hal.c" -mcpu=cortex-m0 -std=gnu11 -g3 -DDEBUG -DUSE_HAL_DRIVER -DSTM32F042x6 -c -I./Core/Inc -I"E:/USB FM Radio/Code/usb-fm-radio/Firmware/Core/Inc" -I"E:/USB FM Radio/Code/usb-fm-radio/Firmware/Drivers/STM32F0xx_HAL_Driver/Inc" -I"E:/USB FM Radio/Code/usb-fm-radio/Firmware/Drivers/STM32F0xx_HAL_Driver/Inc/Legacy" -I"E:/USB FM Radio/Code/usb-fm-radio/Firmware/Drivers/CMSIS/Device/ST/STM32F0xx/Include" -I"E:/USB FM Radio/Code/usb-fm-radio/Firmware/Drivers/CMSIS/Include" -I"E:/USB FM Radio/Code/usb-fm-radio/Firmware/USB/Core/Inc" -I"E:/USB FM Radio/Code/usb-fm-radio/Firmware/USB/Class/RADIO/Inc" -I"E:/USB FM Radio/Code/usb-fm-radio/Firmware/USB/Class/CustomHID/Inc" -Og -ffunction-sections -fdata-sections -Wall -Wextra -pedantic -pedantic-errors -Wmissing-include-dirs -Wswitch-default -Wswitch-enum -Wconversion -fstack-usage -fcyclomatic-complexity -MMD -MP -MF"Drivers/STM32F0xx_HAL_Driver/Src/stm32f0xx_hal.d" -MT"Drivers/STM32F0xx_HAL_Driver/Src/stm32f0xx_hal.o" --specs=nano.specs -mfloat-abi=soft -mthumb -o "Drivers/STM32F0xx_HAL_Driver/Src/stm32f0xx_hal.o"
cc1.exe: warning: ./Core/Inc: No such file or directory [-Wmissing-include-dirs]
arm-none-eabi-gcc "../Drivers/STM32F0xx_HAL_Driver/Src/stm32f0xx_hal_cortex.c" -mcpu=cortex-m0 -std=gnu11 -g3 -DDEBUG -DUSE_HAL_DRIVER -DSTM32F042x6 -c -I./Core/Inc -I"E:/USB FM Radio/Code/usb-fm-radio/Firmware/Core/Inc" -I"E:/USB FM Radio/Code/usb-fm-radio/Firmware/Drivers/STM32F0xx_HAL_Driver/Inc" -I"E:/USB FM Radio/Code/usb-fm-radio/Firmware/Drivers/STM32F0xx_HAL_Driver/Inc/Legacy" -I"E:/USB FM Radio/Code/usb-fm-radio/Firmware/Drivers/CMSIS/Device/ST/STM32F0xx/Include" -I"E:/USB FM Radio/Code/usb-fm-radio/Firmware/Drivers/CMSIS/Include" -I"E:/USB FM Radio/Code/usb-fm-radio/Firmware/USB/Core/Inc" -I"E:/USB FM Radio/Code/usb-fm-radio/Firmware/USB/Class/RADIO/Inc" -I"E:/USB FM Radio/Code/usb-fm-radio/Firmware/USB/Class/CustomHID/Inc" -Og -ffunction-sections -fdata-sections -Wall -Wextra -pedantic -pedantic-errors -Wmissing-include-dirs -Wswitch-default -Wswitch-enum -Wconversion -fstack-usage -fcyclomatic-complexity -MMD -MP -MF"Drivers/STM32F0xx_HAL_Driver/Src/stm32f0xx_hal_cortex.d" -MT"Drivers/STM32F0xx_HAL_Driver/Src/stm32f0xx_hal_cortex.o" --specs=nano.specs -mfloat-abi=soft -mthumb -o "Drivers/STM32F0xx_HAL_Driver/Src/stm32f0xx_hal_cortex.o"
cc1.exe: warning: ./Core/Inc: No such file or directory [-Wmissing-include-dirs]
arm-none-eabi-gcc "../Drivers/STM32F0xx_HAL_Driver/Src/stm32f0xx_hal_dma.c" -mcpu=cortex-m0 -std=gnu11 -g3 -DDEBUG -DUSE_HAL_DRIVER -DSTM32F042x6 -c -I./Core/Inc -I"E:/USB FM Radio/Code/usb-fm-radio/Firmware/Core/Inc" -I"E:/USB FM Radio/Code/usb-fm-radio/Firmware/Drivers/STM32F0xx_HAL_Driver/Inc" -I"E:/USB FM Radio/Code/usb-fm-radio/Firmware/Drivers/STM32F0xx_HAL_Driver/Inc/Legacy" -I"E:/USB FM Radio/Code/usb-fm-radio/Firmware/Drivers/CMSIS/Device/ST/STM32F0xx/Include" -I"E:/USB FM Radio/Code/usb-fm-radio/Firmware/Drivers/CMSIS/Include" -I"E:/USB FM Radio/Code/usb-fm-radio/Firmware/USB/Core/Inc" -I"E:/USB FM Radio/Code/usb-fm-radio/Firmware/USB/Class/RADIO/Inc" -I"E:/USB FM Radio/Code/usb-fm-radio/Firmware/USB/Class/CustomHID/Inc" -Og -ffunction-sections -fdata-sections -Wall -Wextra -pedantic -pedantic-errors -Wmissing-include-dirs -Wswitch-default -Wswitch-enum -Wconversion -fstack-usage -fcyclomatic-complexity -MMD -MP -MF"Drivers/STM32F0xx_HAL_Driver/Src/stm32f0xx_hal_dma.d" -MT"Drivers/STM32F0xx_HAL_Driver/Src/stm32f0xx_hal_dma.o" --specs=nano.specs -mfloat-abi=soft -mthumb -o "Drivers/STM32F0xx_HAL_Driver/Src/stm32f0xx_hal_dma.o"
cc1.exe: warning: ./Core/Inc: No such file or directory [-Wmissing-include-dirs]
../Drivers/STM32F0xx_HAL_Driver/Src/stm32f0xx_hal_dma.c: In function 'HAL_DMA_RegisterCallback':
../Drivers/STM32F0xx_HAL_Driver/Src/stm32f0xx_hal_dma.c:670:5: warning: enumeration value 'HAL_DMA_XFER_ALL_CB_ID' not handled in switch [-Wswitch-enum]
  670 |     switch (CallbackID)
      |     ^~~~~~
arm-none-eabi-gcc "../Drivers/STM32F0xx_HAL_Driver/Src/stm32f0xx_hal_exti.c" -mcpu=cortex-m0 -std=gnu11 -g3 -DDEBUG -DUSE_HAL_DRIVER -DSTM32F042x6 -c -I./Core/Inc -I"E:/USB FM Radio/Code/usb-fm-radio/Firmware/Core/Inc" -I"E:/USB FM Radio/Code/usb-fm-radio/Firmware/Drivers/STM32F0xx_HAL_Driver/Inc" -I"E:/USB FM Radio/Code/usb-fm-radio/Firmware/Drivers/STM32F0xx_HAL_Driver/Inc/Legacy" -I"E:/USB FM Radio/Code/usb-fm-radio/Firmware/Drivers/CMSIS/Device/ST/STM32F0xx/Include" -I"E:/USB FM Radio/Code/usb-fm-radio/Firmware/Drivers/CMSIS/Include" -I"E:/USB FM Radio/Code/usb-fm-radio/Firmware/USB/Core/Inc" -I"E:/USB FM Radio/Code/usb-fm-radio/Firmware/USB/Class/RADIO/Inc" -I"E:/USB FM Radio/Code/usb-fm-radio/Firmware/USB/Class/CustomHID/Inc" -Og -ffunction-sections -fdata-sections -Wall -Wextra -pedantic -pedantic-errors -Wmissing-include-dirs -Wswitch-default -Wswitch-enum -Wconversion -fstack-usage -fcyclomatic-complexity -MMD -MP -MF"Drivers/STM32F0xx_HAL_Driver/Src/stm32f0xx_hal_exti.d" -MT"Drivers/STM32F0xx_HAL_Driver/Src/stm32f0xx_hal_exti.o" --specs=nano.specs -mfloat-abi=soft -mthumb -o "Drivers/STM32F0xx_HAL_Driver/Src/stm32f0xx_hal_exti.o"
cc1.exe: warning: ./Core/Inc: No such file or directory [-Wmissing-include-dirs]
arm-none-eabi-gcc "../Drivers/STM32F0xx_HAL_Driver/Src/stm32f0xx_hal_flash.c" -mcpu=cortex-m0 -std=gnu11 -g3 -DDEBUG -DUSE_HAL_DRIVER -DSTM32F042x6 -c -I./Core/Inc -I"E:/USB FM Radio/Code/usb-fm-radio/Firmware/Core/Inc" -I"E:/USB FM Radio/Code/usb-fm-radio/Firmware/Drivers/STM32F0xx_HAL_Driver/Inc" -I"E:/USB FM Radio/Code/usb-fm-radio/Firmware/Drivers/STM32F0xx_HAL_Driver/Inc/Legacy" -I"E:/USB FM Radio/Code/usb-fm-radio/Firmware/Drivers/CMSIS/Device/ST/STM32F0xx/Include" -I"E:/USB FM Radio/Code/usb-fm-radio/Firmware/Drivers/CMSIS/Include" -I"E:/USB FM Radio/Code/usb-fm-radio/Firmware/USB/Core/Inc" -I"E:/USB FM Radio/Code/usb-fm-radio/Firmware/USB/Class/RADIO/Inc" -I"E:/USB FM Radio/Code/usb-fm-radio/Firmware/USB/Class/CustomHID/Inc" -Og -ffunction-sections -fdata-sections -Wall -Wextra -pedantic -pedantic-errors -Wmissing-include-dirs -Wswitch-default -Wswitch-enum -Wconversion -fstack-usage -fcyclomatic-complexity -MMD -MP -MF"Drivers/STM32F0xx_HAL_Driver/Src/stm32f0xx_hal_flash.d" -MT"Drivers/STM32F0xx_HAL_Driver/Src/stm32f0xx_hal_flash.o" --specs=nano.specs -mfloat-abi=soft -mthumb -o "Drivers/STM32F0xx_HAL_Driver/Src/stm32f0xx_hal_flash.o"
cc1.exe: warning: ./Core/Inc: No such file or directory [-Wmissing-include-dirs]
arm-none-eabi-gcc "../Drivers/STM32F0xx_HAL_Driver/Src/stm32f0xx_hal_flash_ex.c" -mcpu=cortex-m0 -std=gnu11 -g3 -DDEBUG -DUSE_HAL_DRIVER -DSTM32F042x6 -c -I./Core/Inc -I"E:/USB FM Radio/Code/usb-fm-radio/Firmware/Core/Inc" -I"E:/USB FM Radio/Code/usb-fm-radio/Firmware/Drivers/STM32F0xx_HAL_Driver/Inc" -I"E:/USB FM Radio/Code/usb-fm-radio/Firmware/Drivers/STM32F0xx_HAL_Driver/Inc/Legacy" -I"E:/USB FM Radio/Code/usb-fm-radio/Firmware/Drivers/CMSIS/Device/ST/STM32F0xx/Include" -I"E:/USB FM Radio/Code/usb-fm-radio/Firmware/Drivers/CMSIS/Include" -I"E:/USB FM Radio/Code/usb-fm-radio/Firmware/USB/Core/Inc" -I"E:/USB FM Radio/Code/usb-fm-radio/Firmware/USB/Class/RADIO/Inc" -I"E:/USB FM Radio/Code/usb-fm-radio/Firmware/USB/Class/CustomHID/Inc" -Og -ffunction-sections -fdata-sections -Wall -Wextra -pedantic -pedantic-errors -Wmissing-include-dirs -Wswitch-default -Wswitch-enum -Wconversion -fstack-usage -fcyclomatic-complexity -MMD -MP -MF"Drivers/STM32F0xx_HAL_Driver/Src/stm32f0xx_hal_flash_ex.d" -MT"Drivers/STM32F0xx_HAL_Driver/Src/stm32f0xx_hal_flash_ex.o" --specs=nano.specs -mfloat-abi=soft -mthumb -o "Drivers/STM32F0xx_HAL_Driver/Src/stm32f0xx_hal_flash_ex.o"
cc1.exe: warning: ./Core/Inc: No such file or directory [-Wmissing-include-dirs]
../Drivers/STM32F0xx_HAL_Driver/Src/stm32f0xx_hal_flash_ex.c: In function 'HAL_FLASHEx_OBErase':
../Drivers/STM32F0xx_HAL_Driver/Src/stm32f0xx_hal_flash_ex.c:317:12: warning: conversion from 'uint32_t' {aka 'long unsigned int'} to 'uint8_t' {aka 'unsigned char'} may change value [-Wconversion]
  317 |   rdptmp = FLASH_OB_GetRDP();
      |            ^~~~~~~~~~~~~~~
../Drivers/STM32F0xx_HAL_Driver/Src/stm32f0xx_hal_flash_ex.c: In function 'HAL_FLASHEx_OBGetConfig':
../Drivers/STM32F0xx_HAL_Driver/Src/stm32f0xx_hal_flash_ex.c:449:23: warning: conversion from 'uint32_t' {aka 'long unsigned int'} to 'uint8_t' {aka 'unsigned char'} may change value [-Wconversion]
  449 |   pOBInit->RDPLevel = FLASH_OB_GetRDP();
      |                       ^~~~~~~~~~~~~~~
arm-none-eabi-gcc "../Drivers/STM32F0xx_HAL_Driver/Src/stm32f0xx_hal_gpio.c" -mcpu=cortex-m0 -std=gnu11 -g3 -DDEBUG -DUSE_HAL_DRIVER -DSTM32F042x6 -c -I./Core/Inc -I"E:/USB FM Radio/Code/usb-fm-radio/Firmware/Core/Inc" -I"E:/USB FM Radio/Code/usb-fm-radio/Firmware/Drivers/STM32F0xx_HAL_Driver/Inc" -I"E:/USB FM Radio/Code/usb-fm-radio/Firmware/Drivers/STM32F0xx_HAL_Driver/Inc/Legacy" -I"E:/USB FM Radio/Code/usb-fm-radio/Firmware/Drivers/CMSIS/Device/ST/STM32F0xx/Include" -I"E:/USB FM Radio/Code/usb-fm-radio/Firmware/Drivers/CMSIS/Include" -I"E:/USB FM Radio/Code/usb-fm-radio/Firmware/USB/Core/Inc" -I"E:/USB FM Radio/Code/usb-fm-radio/Firmware/USB/Class/RADIO/Inc" -I"E:/USB FM Radio/Code/usb-fm-radio/Firmware/USB/Class/CustomHID/Inc" -Og -ffunction-sections -fdata-sections -Wall -Wextra -pedantic -pedantic-errors -Wmissing-include-dirs -Wswitch-default -Wswitch-enum -Wconversion -fstack-usage -fcyclomatic-complexity -MMD -MP -MF"Drivers/STM32F0xx_HAL_Driver/Src/stm32f0xx_hal_gpio.d" -MT"Drivers/STM32F0xx_HAL_Driver/Src/stm32f0xx_hal_gpio.o" --specs=nano.specs -mfloat-abi=soft -mthumb -o "Drivers/STM32F0xx_HAL_Driver/Src/stm32f0xx_hal_gpio.o"
cc1.exe: warning: ./Core/Inc: No such file or directory [-Wmissing-include-dirs]
arm-none-eabi-gcc "../Drivers/STM32F0xx_HAL_Driver/Src/stm32f0xx_hal_i2c.c" -mcpu=cortex-m0 -std=gnu11 -g3 -DDEBUG -DUSE_HAL_DRIVER -DSTM32F042x6 -c -I./Core/Inc -I"E:/USB FM Radio/Code/usb-fm-radio/Firmware/Core/Inc" -I"E:/USB FM Radio/Code/usb-fm-radio/Firmware/Drivers/STM32F0xx_HAL_Driver/Inc" -I"E:/USB FM Radio/Code/usb-fm-radio/Firmware/Drivers/STM32F0xx_HAL_Driver/Inc/Legacy" -I"E:/USB FM Radio/Code/usb-fm-radio/Firmware/Drivers/CMSIS/Device/ST/STM32F0xx/Include" -I"E:/USB FM Radio/Code/usb-fm-radio/Firmware/Drivers/CMSIS/Include" -I"E:/USB FM Radio/Code/usb-fm-radio/Firmware/USB/Core/Inc" -I"E:/USB FM Radio/Code/usb-fm-radio/Firmware/USB/Class/RADIO/Inc" -I"E:/USB FM Radio/Code/usb-fm-radio/Firmware/USB/Class/CustomHID/Inc" -Og -ffunction-sections -fdata-sections -Wall -Wextra -pedantic -pedantic-errors -Wmissing-include-dirs -Wswitch-default -Wswitch-enum -Wconversion -fstack-usage -fcyclomatic-complexity -MMD -MP -MF"Drivers/STM32F0xx_HAL_Driver/Src/stm32f0xx_hal_i2c.d" -MT"Drivers/STM32F0xx_HAL_Driver/Src/stm32f0xx_hal_i2c.o" --specs=nano.specs -mfloat-abi=soft -mthumb -o "Drivers/STM32F0xx_HAL_Driver/Src/stm32f0xx_hal_i2c.o"
cc1.exe: warning: ./Core/Inc: No such file or directory [-Wmissing-include-dirs]
arm-none-eabi-gcc "../Drivers/STM32F0xx_HAL_Driver/Src/stm32f0xx_hal_i2c_ex.c" -mcpu=cortex-m0 -std=gnu11 -g3 -DDEBUG -DUSE_HAL_DRIVER -DSTM32F042x6 -c -I./Core/Inc -I"E:/USB FM Radio/Code/usb-fm-radio/Firmware/Core/Inc" -I"E:/USB FM Radio/Code/usb-fm-radio/Firmware/Drivers/STM32F0xx_HAL_Driver/Inc" -I"E:/USB FM Radio/Code/usb-fm-radio/Firmware/Drivers/STM32F0xx_HAL_Driver/Inc/Legacy" -I"E:/USB FM Radio/Code/usb-fm-radio/Firmware/Drivers/CMSIS/Device/ST/STM32F0xx/Include" -I"E:/USB FM Radio/Code/usb-fm-radio/Firmware/Drivers/CMSIS/Include" -I"E:/USB FM Radio/Code/usb-fm-radio/Firmware/USB/Core/Inc" -I"E:/USB FM Radio/Code/usb-fm-radio/Firmware/USB/Class/RADIO/Inc" -I"E:/USB FM Radio/Code/usb-fm-radio/Firmware/USB/Class/CustomHID/Inc" -Og -ffunction-sections -fdata-sections -Wall -Wextra -pedantic -pedantic-errors -Wmissing-include-dirs -Wswitch-default -Wswitch-enum -Wconversion -fstack-usage -fcyclomatic-complexity -MMD -MP -MF"Drivers/STM32F0xx_HAL_Driver/Src/stm32f0xx_hal_i2c_ex.d" -MT"Drivers/STM32F0xx_HAL_Driver/Src/stm32f0xx_hal_i2c_ex.o" --specs=nano.specs -mfloat-abi=soft -mthumb -o "Drivers/STM32F0xx_HAL_Driver/Src/stm32f0xx_hal_i2c_ex.o"
cc1.exe: warning: ./Core/Inc: No such file or directory [-Wmissing-include-dirs]
arm-none-eabi-gcc "../Drivers/STM32F0xx_HAL_Driver/Src/stm32f0xx_hal_i2s.c" -mcpu=cortex-m0 -std=gnu11 -g3 -DDEBUG -DUSE_HAL_DRIVER -DSTM32F042x6 -c -I./Core/Inc -I"E:/USB FM Radio/Code/usb-fm-radio/Firmware/Core/Inc" -I"E:/USB FM Radio/Code/usb-fm-radio/Firmware/Drivers/STM32F0xx_HAL_Driver/Inc" -I"E:/USB FM Radio/Code/usb-fm-radio/Firmware/Drivers/STM32F0xx_HAL_Driver/Inc/Legacy" -I"E:/USB FM Radio/Code/usb-fm-radio/Firmware/Drivers/CMSIS/Device/ST/STM32F0xx/Include" -I"E:/USB FM Radio/Code/usb-fm-radio/Firmware/Drivers/CMSIS/Include" -I"E:/USB FM Radio/Code/usb-fm-radio/Firmware/USB/Core/Inc" -I"E:/USB FM Radio/Code/usb-fm-radio/Firmware/USB/Class/RADIO/Inc" -I"E:/USB FM Radio/Code/usb-fm-radio/Firmware/USB/Class/CustomHID/Inc" -Og -ffunction-sections -fdata-sections -Wall -Wextra -pedantic -pedantic-errors -Wmissing-include-dirs -Wswitch-default -Wswitch-enum -Wconversion -fstack-usage -fcyclomatic-complexity -MMD -MP -MF"Drivers/STM32F0xx_HAL_Driver/Src/stm32f0xx_hal_i2s.d" -MT"Drivers/STM32F0xx_HAL_Driver/Src/stm32f0xx_hal_i2s.o" --specs=nano.specs -mfloat-abi=soft -mthumb -o "Drivers/STM32F0xx_HAL_Driver/Src/stm32f0xx_hal_i2s.o"
cc1.exe: warning: ./Core/Inc: No such file or directory [-Wmissing-include-dirs]
arm-none-eabi-gcc "../Drivers/STM32F0xx_HAL_Driver/Src/stm32f0xx_hal_pcd.c" -mcpu=cortex-m0 -std=gnu11 -g3 -DDEBUG -DUSE_HAL_DRIVER -DSTM32F042x6 -c -I./Core/Inc -I"E:/USB FM Radio/Code/usb-fm-radio/Firmware/Core/Inc" -I"E:/USB FM Radio/Code/usb-fm-radio/Firmware/Drivers/STM32F0xx_HAL_Driver/Inc" -I"E:/USB FM Radio/Code/usb-fm-radio/Firmware/Drivers/STM32F0xx_HAL_Driver/Inc/Legacy" -I"E:/USB FM Radio/Code/usb-fm-radio/Firmware/Drivers/CMSIS/Device/ST/STM32F0xx/Include" -I"E:/USB FM Radio/Code/usb-fm-radio/Firmware/Drivers/CMSIS/Include" -I"E:/USB FM Radio/Code/usb-fm-radio/Firmware/USB/Core/Inc" -I"E:/USB FM Radio/Code/usb-fm-radio/Firmware/USB/Class/RADIO/Inc" -I"E:/USB FM Radio/Code/usb-fm-radio/Firmware/USB/Class/CustomHID/Inc" -Og -ffunction-sections -fdata-sections -Wall -Wextra -pedantic -pedantic-errors -Wmissing-include-dirs -Wswitch-default -Wswitch-enum -Wconversion -fstack-usage -fcyclomatic-complexity -MMD -MP -MF"Drivers/STM32F0xx_HAL_Driver/Src/stm32f0xx_hal_pcd.d" -MT"Drivers/STM32F0xx_HAL_Driver/Src/stm32f0xx_hal_pcd.o" --specs=nano.specs -mfloat-abi=soft -mthumb -o "Drivers/STM32F0xx_HAL_Driver/Src/stm32f0xx_hal_pcd.o"
cc1.exe: warning: ./Core/Inc: No such file or directory [-Wmissing-include-dirs]
arm-none-eabi-gcc "../Drivers/STM32F0xx_HAL_Driver/Src/stm32f0xx_hal_pcd_ex.c" -mcpu=cortex-m0 -std=gnu11 -g3 -DDEBUG -DUSE_HAL_DRIVER -DSTM32F042x6 -c -I./Core/Inc -I"E:/USB FM Radio/Code/usb-fm-radio/Firmware/Core/Inc" -I"E:/USB FM Radio/Code/usb-fm-radio/Firmware/Drivers/STM32F0xx_HAL_Driver/Inc" -I"E:/USB FM Radio/Code/usb-fm-radio/Firmware/Drivers/STM32F0xx_HAL_Driver/Inc/Legacy" -I"E:/USB FM Radio/Code/usb-fm-radio/Firmware/Drivers/CMSIS/Device/ST/STM32F0xx/Include" -I"E:/USB FM Radio/Code/usb-fm-radio/Firmware/Drivers/CMSIS/Include" -I"E:/USB FM Radio/Code/usb-fm-radio/Firmware/USB/Core/Inc" -I"E:/USB FM Radio/Code/usb-fm-radio/Firmware/USB/Class/RADIO/Inc" -I"E:/USB FM Radio/Code/usb-fm-radio/Firmware/USB/Class/CustomHID/Inc" -Og -ffunction-sections -fdata-sections -Wall -Wextra -pedantic -pedantic-errors -Wmissing-include-dirs -Wswitch-default -Wswitch-enum -Wconversion -fstack-usage -fcyclomatic-complexity -MMD -MP -MF"Drivers/STM32F0xx_HAL_Driver/Src/stm32f0xx_hal_pcd_ex.d" -MT"Drivers/STM32F0xx_HAL_Driver/Src/stm32f0xx_hal_pcd_ex.o" --specs=nano.specs -mfloat-abi=soft -mthumb -o "Drivers/STM32F0xx_HAL_Driver/Src/stm32f0xx_hal_pcd_ex.o"
cc1.exe: warning: ./Core/Inc: No such file or directory [-Wmissing-include-dirs]
../Drivers/STM32F0xx_HAL_Driver/Src/stm32f0xx_hal_pcd_ex.c: In function 'HAL_PCDEx_ActivateBCD':
../Drivers/STM32F0xx_HAL_Driver/Src/stm32f0xx_hal_pcd_ex.c:131:17: warning: unsigned conversion from 'int' to 'uint16_t' {aka 'short unsigned int'} changes the value of '-5' [-Wsign-conversion]
  131 |   USBx->BCDR &= ~(USB_BCDR_PDEN);
      |                 ^
../Drivers/STM32F0xx_HAL_Driver/Src/stm32f0xx_hal_pcd_ex.c:132:17: warning: unsigned conversion from 'int' to 'uint16_t' {aka 'short unsigned int'} changes the value of '-9' [-Wsign-conversion]
  132 |   USBx->BCDR &= ~(USB_BCDR_SDEN);
      |                 ^
../Drivers/STM32F0xx_HAL_Driver/Src/stm32f0xx_hal_pcd_ex.c: In function 'HAL_PCDEx_DeActivateBCD':
../Drivers/STM32F0xx_HAL_Driver/Src/stm32f0xx_hal_pcd_ex.c:149:17: warning: unsigned conversion from 'int' to 'uint16_t' {aka 'short unsigned int'} changes the value of '-2' [-Wsign-conversion]
  149 |   USBx->BCDR &= ~(USB_BCDR_BCDEN);
      |                 ^
../Drivers/STM32F0xx_HAL_Driver/Src/stm32f0xx_hal_pcd_ex.c: In function 'HAL_PCDEx_BCD_VBUSDetect':
../Drivers/STM32F0xx_HAL_Driver/Src/stm32f0xx_hal_pcd_ex.c:178:17: warning: unsigned conversion from 'int' to 'uint16_t' {aka 'short unsigned int'} changes the value of '-3' [-Wsign-conversion]
  178 |   USBx->BCDR &= ~(USB_BCDR_DCDEN);
      |                 ^
../Drivers/STM32F0xx_HAL_Driver/Src/stm32f0xx_hal_pcd_ex.c:188:19: warning: unsigned conversion from 'int' to 'uint16_t' {aka 'short unsigned int'} changes the value of '-5' [-Wsign-conversion]
  188 |     USBx->BCDR &= ~(USB_BCDR_PDEN);
      |                   ^
../Drivers/STM32F0xx_HAL_Driver/Src/stm32f0xx_hal_pcd_ex.c: In function 'HAL_PCDEx_DeActivateLPM':
../Drivers/STM32F0xx_HAL_Driver/Src/stm32f0xx_hal_pcd_ex.c:275:19: warning: unsigned conversion from 'int' to 'uint16_t' {aka 'short unsigned int'} changes the value of '-2' [-Wsign-conversion]
  275 |   USBx->LPMCSR &= ~(USB_LPMCSR_LMPEN);
      |                   ^
../Drivers/STM32F0xx_HAL_Driver/Src/stm32f0xx_hal_pcd_ex.c:276:19: warning: unsigned conversion from 'int' to 'uint16_t' {aka 'short unsigned int'} changes the value of '-3' [-Wsign-conversion]
  276 |   USBx->LPMCSR &= ~(USB_LPMCSR_LPMACK);
      |                   ^
arm-none-eabi-gcc "../Drivers/STM32F0xx_HAL_Driver/Src/stm32f0xx_hal_pwr.c" -mcpu=cortex-m0 -std=gnu11 -g3 -DDEBUG -DUSE_HAL_DRIVER -DSTM32F042x6 -c -I./Core/Inc -I"E:/USB FM Radio/Code/usb-fm-radio/Firmware/Core/Inc" -I"E:/USB FM Radio/Code/usb-fm-radio/Firmware/Drivers/STM32F0xx_HAL_Driver/Inc" -I"E:/USB FM Radio/Code/usb-fm-radio/Firmware/Drivers/STM32F0xx_HAL_Driver/Inc/Legacy" -I"E:/USB FM Radio/Code/usb-fm-radio/Firmware/Drivers/CMSIS/Device/ST/STM32F0xx/Include" -I"E:/USB FM Radio/Code/usb-fm-radio/Firmware/Drivers/CMSIS/Include" -I"E:/USB FM Radio/Code/usb-fm-radio/Firmware/USB/Core/Inc" -I"E:/USB FM Radio/Code/usb-fm-radio/Firmware/USB/Class/RADIO/Inc" -I"E:/USB FM Radio/Code/usb-fm-radio/Firmware/USB/Class/CustomHID/Inc" -Og -ffunction-sections -fdata-sections -Wall -Wextra -pedantic -pedantic-errors -Wmissing-include-dirs -Wswitch-default -Wswitch-enum -Wconversion -fstack-usage -fcyclomatic-complexity -MMD -MP -MF"Drivers/STM32F0xx_HAL_Driver/Src/stm32f0xx_hal_pwr.d" -MT"Drivers/STM32F0xx_HAL_Driver/Src/stm32f0xx_hal_pwr.o" --specs=nano.specs -mfloat-abi=soft -mthumb -o "Drivers/STM32F0xx_HAL_Driver/Src/stm32f0xx_hal_pwr.o"
cc1.exe: warning: ./Core/Inc: No such file or directory [-Wmissing-include-dirs]
arm-none-eabi-gcc "../Drivers/STM32F0xx_HAL_Driver/Src/stm32f0xx_hal_pwr_ex.c" -mcpu=cortex-m0 -std=gnu11 -g3 -DDEBUG -DUSE_HAL_DRIVER -DSTM32F042x6 -c -I./Core/Inc -I"E:/USB FM Radio/Code/usb-fm-radio/Firmware/Core/Inc" -I"E:/USB FM Radio/Code/usb-fm-radio/Firmware/Drivers/STM32F0xx_HAL_Driver/Inc" -I"E:/USB FM Radio/Code/usb-fm-radio/Firmware/Drivers/STM32F0xx_HAL_Driver/Inc/Legacy" -I"E:/USB FM Radio/Code/usb-fm-radio/Firmware/Drivers/CMSIS/Device/ST/STM32F0xx/Include" -I"E:/USB FM Radio/Code/usb-fm-radio/Firmware/Drivers/CMSIS/Include" -I"E:/USB FM Radio/Code/usb-fm-radio/Firmware/USB/Core/Inc" -I"E:/USB FM Radio/Code/usb-fm-radio/Firmware/USB/Class/RADIO/Inc" -I"E:/USB FM Radio/Code/usb-fm-radio/Firmware/USB/Class/CustomHID/Inc" -Og -ffunction-sections -fdata-sections -Wall -Wextra -pedantic -pedantic-errors -Wmissing-include-dirs -Wswitch-default -Wswitch-enum -Wconversion -fstack-usage -fcyclomatic-complexity -MMD -MP -MF"Drivers/STM32F0xx_HAL_Driver/Src/stm32f0xx_hal_pwr_ex.d" -MT"Drivers/STM32F0xx_HAL_Driver/Src/stm32f0xx_hal_pwr_ex.o" --specs=nano.specs -mfloat-abi=soft -mthumb -o "Drivers/STM32F0xx_HAL_Driver/Src/stm32f0xx_hal_pwr_ex.o"
cc1.exe: warning: ./Core/Inc: No such file or directory [-Wmissing-include-dirs]
arm-none-eabi-gcc "../Drivers/STM32F0xx_HAL_Driver/Src/stm32f0xx_hal_rcc.c" -mcpu=cortex-m0 -std=gnu11 -g3 -DDEBUG -DUSE_HAL_DRIVER -DSTM32F042x6 -c -I./Core/Inc -I"E:/USB FM Radio/Code/usb-fm-radio/Firmware/Core/Inc" -I"E:/USB FM Radio/Code/usb-fm-radio/Firmware/Drivers/STM32F0xx_HAL_Driver/Inc" -I"E:/USB FM Radio/Code/usb-fm-radio/Firmware/Drivers/STM32F0xx_HAL_Driver/Inc/Legacy" -I"E:/USB FM Radio/Code/usb-fm-radio/Firmware/Drivers/CMSIS/Device/ST/STM32F0xx/Include" -I"E:/USB FM Radio/Code/usb-fm-radio/Firmware/Drivers/CMSIS/Include" -I"E:/USB FM Radio/Code/usb-fm-radio/Firmware/USB/Core/Inc" -I"E:/USB FM Radio/Code/usb-fm-radio/Firmware/USB/Class/RADIO/Inc" -I"E:/USB FM Radio/Code/usb-fm-radio/Firmware/USB/Class/CustomHID/Inc" -Og -ffunction-sections -fdata-sections -Wall -Wextra -pedantic -pedantic-errors -Wmissing-include-dirs -Wswitch-default -Wswitch-enum -Wconversion -fstack-usage -fcyclomatic-complexity -MMD -MP -MF"Drivers/STM32F0xx_HAL_Driver/Src/stm32f0xx_hal_rcc.d" -MT"Drivers/STM32F0xx_HAL_Driver/Src/stm32f0xx_hal_rcc.o" --specs=nano.specs -mfloat-abi=soft -mthumb -o "Drivers/STM32F0xx_HAL_Driver/Src/stm32f0xx_hal_rcc.o"
cc1.exe: warning: ./Core/Inc: No such file or directory [-Wmissing-include-dirs]
arm-none-eabi-gcc "../Drivers/STM32F0xx_HAL_Driver/Src/stm32f0xx_hal_rcc_ex.c" -mcpu=cortex-m0 -std=gnu11 -g3 -DDEBUG -DUSE_HAL_DRIVER -DSTM32F042x6 -c -I./Core/Inc -I"E:/USB FM Radio/Code/usb-fm-radio/Firmware/Core/Inc" -I"E:/USB FM Radio/Code/usb-fm-radio/Firmware/Drivers/STM32F0xx_HAL_Driver/Inc" -I"E:/USB FM Radio/Code/usb-fm-radio/Firmware/Drivers/STM32F0xx_HAL_Driver/Inc/Legacy" -I"E:/USB FM Radio/Code/usb-fm-radio/Firmware/Drivers/CMSIS/Device/ST/STM32F0xx/Include" -I"E:/USB FM Radio/Code/usb-fm-radio/Firmware/Drivers/CMSIS/Include" -I"E:/USB FM Radio/Code/usb-fm-radio/Firmware/USB/Core/Inc" -I"E:/USB FM Radio/Code/usb-fm-radio/Firmware/USB/Class/RADIO/Inc" -I"E:/USB FM Radio/Code/usb-fm-radio/Firmware/USB/Class/CustomHID/Inc" -Og -ffunction-sections -fdata-sections -Wall -Wextra -pedantic -pedantic-errors -Wmissing-include-dirs -Wswitch-default -Wswitch-enum -Wconversion -fstack-usage -fcyclomatic-complexity -MMD -MP -MF"Drivers/STM32F0xx_HAL_Driver/Src/stm32f0xx_hal_rcc_ex.d" -MT"Drivers/STM32F0xx_HAL_Driver/Src/stm32f0xx_hal_rcc_ex.o" --specs=nano.specs -mfloat-abi=soft -mthumb -o "Drivers/STM32F0xx_HAL_Driver/Src/stm32f0xx_hal_rcc_ex.o"
cc1.exe: warning: ./Core/Inc: No such file or directory [-Wmissing-include-dirs]
arm-none-eabi-gcc "../Drivers/STM32F0xx_HAL_Driver/Src/stm32f0xx_ll_usb.c" -mcpu=cortex-m0 -std=gnu11 -g3 -DDEBUG -DUSE_HAL_DRIVER -DSTM32F042x6 -c -I./Core/Inc -I"E:/USB FM Radio/Code/usb-fm-radio/Firmware/Core/Inc" -I"E:/USB FM Radio/Code/usb-fm-radio/Firmware/Drivers/STM32F0xx_HAL_Driver/Inc" -I"E:/USB FM Radio/Code/usb-fm-radio/Firmware/Drivers/STM32F0xx_HAL_Driver/Inc/Legacy" -I"E:/USB FM Radio/Code/usb-fm-radio/Firmware/Drivers/CMSIS/Device/ST/STM32F0xx/Include" -I"E:/USB FM Radio/Code/usb-fm-radio/Firmware/Drivers/CMSIS/Include" -I"E:/USB FM Radio/Code/usb-fm-radio/Firmware/USB/Core/Inc" -I"E:/USB FM Radio/Code/usb-fm-radio/Firmware/USB/Class/RADIO/Inc" -I"E:/USB FM Radio/Code/usb-fm-radio/Firmware/USB/Class/CustomHID/Inc" -Og -ffunction-sections -fdata-sections -Wall -Wextra -pedantic -pedantic-errors -Wmissing-include-dirs -Wswitch-default -Wswitch-enum -Wconversion -fstack-usage -fcyclomatic-complexity -MMD -MP -MF"Drivers/STM32F0xx_HAL_Driver/Src/stm32f0xx_ll_usb.d" -MT"Drivers/STM32F0xx_HAL_Driver/Src/stm32f0xx_ll_usb.o" --specs=nano.specs -mfloat-abi=soft -mthumb -o "Drivers/STM32F0xx_HAL_Driver/Src/stm32f0xx_ll_usb.o"
cc1.exe: warning: ./Core/Inc: No such file or directory [-Wmissing-include-dirs]
arm-none-eabi-gcc -mcpu=cortex-m0 -g3 -DDEBUG -c -I"E:/USB FM Radio/Code/usb-fm-radio/Firmware/USB/Core/Inc" -I"E:/USB FM Radio/Code/usb-fm-radio/Firmware/USB/Class/CustomHID/Inc" -I"E:/USB FM Radio/Code/usb-fm-radio/Firmware/USB/Class/RADIO/Inc" -x assembler-with-cpp -MMD -MP -MF"Core/Startup/startup_stm32f042c6tx.d" -MT"Core/Startup/startup_stm32f042c6tx.o" --specs=nano.specs -mfloat-abi=soft -mthumb -o "Core/Startup/startup_stm32f042c6tx.o" "../Core/Startup/startup_stm32f042c6tx.s"
arm-none-eabi-gcc "../Core/Src/dma.c" -mcpu=cortex-m0 -std=gnu11 -g3 -DDEBUG -DUSE_HAL_DRIVER -DSTM32F042x6 -c -I./Core/Inc -I"E:/USB FM Radio/Code/usb-fm-radio/Firmware/Core/Inc" -I"E:/USB FM Radio/Code/usb-fm-radio/Firmware/Drivers/STM32F0xx_HAL_Driver/Inc" -I"E:/USB FM Radio/Code/usb-fm-radio/Firmware/Drivers/STM32F0xx_HAL_Driver/Inc/Legacy" -I"E:/USB FM Radio/Code/usb-fm-radio/Firmware/Drivers/CMSIS/Device/ST/STM32F0xx/Include" -I"E:/USB FM Radio/Code/usb-fm-radio/Firmware/Drivers/CMSIS/Include" -I"E:/USB FM Radio/Code/usb-fm-radio/Firmware/USB/Core/Inc" -I"E:/USB FM Radio/Code/usb-fm-radio/Firmware/USB/Class/RADIO/Inc" -I"E:/USB FM Radio/Code/usb-fm-radio/Firmware/USB/Class/CustomHID/Inc" -Og -ffunction-sections -fdata-sections -Wall -Wextra -pedantic -pedantic-errors -Wmissing-include-dirs -Wswitch-default -Wswitch-enum -Wconversion -fstack-usage -fcyclomatic-complexity -MMD -MP -MF"Core/Src/dma.d" -MT"Core/Src/dma.o" --specs=nano.specs -mfloat-abi=soft -mthumb -o "Core/Src/dma.o"
cc1.exe: warning: ./Core/Inc: No such file or directory [-Wmissing-include-dirs]
arm-none-eabi-gcc "../Core/Src/gpio.c" -mcpu=cortex-m0 -std=gnu11 -g3 -DDEBUG -DUSE_HAL_DRIVER -DSTM32F042x6 -c -I./Core/Inc -I"E:/USB FM Radio/Code/usb-fm-radio/Firmware/Core/Inc" -I"E:/USB FM Radio/Code/usb-fm-radio/Firmware/Drivers/STM32F0xx_HAL_Driver/Inc" -I"E:/USB FM Radio/Code/usb-fm-radio/Firmware/Drivers/STM32F0xx_HAL_Driver/Inc/Legacy" -I"E:/USB FM Radio/Code/usb-fm-radio/Firmware/Drivers/CMSIS/Device/ST/STM32F0xx/Include" -I"E:/USB FM Radio/Code/usb-fm-radio/Firmware/Drivers/CMSIS/Include" -I"E:/USB FM Radio/Code/usb-fm-radio/Firmware/USB/Core/Inc" -I"E:/USB FM Radio/Code/usb-fm-radio/Firmware/USB/Class/RADIO/Inc" -I"E:/USB FM Radio/Code/usb-fm-radio/Firmware/USB/Class/CustomHID/Inc" -Og -ffunction-sections -fdata-sections -Wall -Wextra -pedantic -pedantic-errors -Wmissing-include-dirs -Wswitch-default -Wswitch-enum -Wconversion -fstack-usage -fcyclomatic-complexity -MMD -MP -MF"Core/Src/gpio.d" -MT"Core/Src/gpio.o" --specs=nano.specs -mfloat-abi=soft -mthumb -o "Core/Src/gpio.o"
cc1.exe: warning: ./Core/Inc: No such file or directory [-Wmissing-include-dirs]
arm-none-eabi-gcc "../Core/Src/i2c.c" -mcpu=cortex-m0 -std=gnu11 -g3 -DDEBUG -DUSE_HAL_DRIVER -DSTM32F042x6 -c -I./Core/Inc -I"E:/USB FM Radio/Code/usb-fm-radio/Firmware/Core/Inc" -I"E:/USB FM Radio/Code/usb-fm-radio/Firmware/Drivers/STM32F0xx_HAL_Driver/Inc" -I"E:/USB FM Radio/Code/usb-fm-radio/Firmware/Drivers/STM32F0xx_HAL_Driver/Inc/Legacy" -I"E:/USB FM Radio/Code/usb-fm-radio/Firmware/Drivers/CMSIS/Device/ST/STM32F0xx/Include" -I"E:/USB FM Radio/Code/usb-fm-radio/Firmware/Drivers/CMSIS/Include" -I"E:/USB FM Radio/Code/usb-fm-radio/Firmware/USB/Core/Inc" -I"E:/USB FM Radio/Code/usb-fm-radio/Firmware/USB/Class/RADIO/Inc" -I"E:/USB FM Radio/Code/usb-fm-radio/Firmware/USB/Class/CustomHID/Inc" -Og -ffunction-sections -fdata-sections -Wall -Wextra -pedantic -pedantic-errors -Wmissing-include-dirs -Wswitch-default -Wswitch-enum -Wconversion -fstack-usage -fcyclomatic-complexity -MMD -MP -MF"Core/Src/i2c.d" -MT"Core/Src/i2c.o" --specs=nano.specs -mfloat-abi=soft -mthumb -o "Core/Src/i2c.o"
cc1.exe: warning: ./Core/Inc: No such file or directory [-Wmissing-include-dirs]
arm-none-eabi-gcc "../Core/Src/i2s.c" -mcpu=cortex-m0 -std=gnu11 -g3 -DDEBUG -DUSE_HAL_DRIVER -DSTM32F042x6 -c -I./Core/Inc -I"E:/USB FM Radio/Code/usb-fm-radio/Firmware/Core/Inc" -I"E:/USB FM Radio/Code/usb-fm-radio/Firmware/Drivers/STM32F0xx_HAL_Driver/Inc" -I"E:/USB FM Radio/Code/usb-fm-radio/Firmware/Drivers/STM32F0xx_HAL_Driver/Inc/Legacy" -I"E:/USB FM Radio/Code/usb-fm-radio/Firmware/Drivers/CMSIS/Device/ST/STM32F0xx/Include" -I"E:/USB FM Radio/Code/usb-fm-radio/Firmware/Drivers/CMSIS/Include" -I"E:/USB FM Radio/Code/usb-fm-radio/Firmware/USB/Core/Inc" -I"E:/USB FM Radio/Code/usb-fm-radio/Firmware/USB/Class/RADIO/Inc" -I"E:/USB FM Radio/Code/usb-fm-radio/Firmware/USB/Class/CustomHID/Inc" -Og -ffunction-sections -fdata-sections -Wall -Wextra -pedantic -pedantic-errors -Wmissing-include-dirs -Wswitch-default -Wswitch-enum -Wconversion -fstack-usage -fcyclomatic-complexity -MMD -MP -MF"Core/Src/i2s.d" -MT"Core/Src/i2s.o" --specs=nano.specs -mfloat-abi=soft -mthumb -o "Core/Src/i2s.o"
cc1.exe: warning: ./Core/Inc: No such file or directory [-Wmissing-include-dirs]
arm-none-eabi-gcc "../Core/Src/main.c" -mcpu=cortex-m0 -std=gnu11 -g3 -DDEBUG -DUSE_HAL_DRIVER -DSTM32F042x6 -c -I./Core/Inc -I"E:/USB FM Radio/Code/usb-fm-radio/Firmware/Core/Inc" -I"E:/USB FM Radio/Code/usb-fm-radio/Firmware/Drivers/STM32F0xx_HAL_Driver/Inc" -I"E:/USB FM Radio/Code/usb-fm-radio/Firmware/Drivers/STM32F0xx_HAL_Driver/Inc/Legacy" -I"E:/USB FM Radio/Code/usb-fm-radio/Firmware/Drivers/CMSIS/Device/ST/STM32F0xx/Include" -I"E:/USB FM Radio/Code/usb-fm-radio/Firmware/Drivers/CMSIS/Include" -I"E:/USB FM Radio/Code/usb-fm-radio/Firmware/USB/Core/Inc" -I"E:/USB FM Radio/Code/usb-fm-radio/Firmware/USB/Class/RADIO/Inc" -I"E:/USB FM Radio/Code/usb-fm-radio/Firmware/USB/Class/CustomHID/Inc" -Og -ffunction-sections -fdata-sections -Wall -Wextra -pedantic -pedantic-errors -Wmissing-include-dirs -Wswitch-default -Wswitch-enum -Wconversion -fstack-usage -fcyclomatic-complexity -MMD -MP -MF"Core/Src/main.d" -MT"Core/Src/main.o" --specs=nano.specs -mfloat-abi=soft -mthumb -o "Core/Src/main.o"
cc1.exe: warning: ./Core/Inc: No such file or directory [-Wmissing-include-dirs]
arm-none-eabi-gcc "../Core/Src/si4705.c" -mcpu=cortex-m0 -std=gnu11 -g3 -DDEBUG -DUSE_HAL_DRIVER -DSTM32F042x6 -c -I./Core/Inc -I"E:/USB FM Radio/Code/usb-fm-radio/Firmware/Core/Inc" -I"E:/USB FM Radio/Code/usb-fm-radio/Firmware/Drivers/STM32F0xx_HAL_Driver/Inc" -I"E:/USB FM Radio/Code/usb-fm-radio/Firmware/Drivers/STM32F0xx_HAL_Driver/Inc/Legacy" -I"E:/USB FM Radio/Code/usb-fm-radio/Firmware/Drivers/CMSIS/Device/ST/STM32F0xx/Include" -I"E:/USB FM Radio/Code/usb-fm-radio/Firmware/Drivers/CMSIS/Include" -I"E:/USB FM Radio/Code/usb-fm-radio/Firmware/USB/Core/Inc" -I"E:/USB FM Radio/Code/usb-fm-radio/Firmware/USB/Class/RADIO/Inc" -I"E:/USB FM Radio/Code/usb-fm-radio/Firmware/USB/Class/CustomHID/Inc" -Og -ffunction-sections -fdata-sections -Wall -Wextra -pedantic -pedantic-errors -Wmissing-include-dirs -Wswitch-default -Wswitch-enum -Wconversion -fstack-usage -fcyclomatic-complexity -MMD -MP -MF"Core/Src/si4705.d" -MT"Core/Src/si4705.o" --specs=nano.specs -mfloat-abi=soft -mthumb -o "Core/Src/si4705.o"
cc1.exe: warning: ./Core/Inc: No such file or directory [-Wmissing-include-dirs]
arm-none-eabi-gcc "../Core/Src/stm32f0xx_hal_msp.c" -mcpu=cortex-m0 -std=gnu11 -g3 -DDEBUG -DUSE_HAL_DRIVER -DSTM32F042x6 -c -I./Core/Inc -I"E:/USB FM Radio/Code/usb-fm-radio/Firmware/Core/Inc" -I"E:/USB FM Radio/Code/usb-fm-radio/Firmware/Drivers/STM32F0xx_HAL_Driver/Inc" -I"E:/USB FM Radio/Code/usb-fm-radio/Firmware/Drivers/STM32F0xx_HAL_Driver/Inc/Legacy" -I"E:/USB FM Radio/Code/usb-fm-radio/Firmware/Drivers/CMSIS/Device/ST/STM32F0xx/Include" -I"E:/USB FM Radio/Code/usb-fm-radio/Firmware/Drivers/CMSIS/Include" -I"E:/USB FM Radio/Code/usb-fm-radio/Firmware/USB/Core/Inc" -I"E:/USB FM Radio/Code/usb-fm-radio/Firmware/USB/Class/RADIO/Inc" -I"E:/USB FM Radio/Code/usb-fm-radio/Firmware/USB/Class/CustomHID/Inc" -Og -ffunction-sections -fdata-sections -Wall -Wextra -pedantic -pedantic-errors -Wmissing-include-dirs -Wswitch-default -Wswitch-enum -Wconversion -fstack-usage -fcyclomatic-complexity -MMD -MP -MF"Core/Src/stm32f0xx_hal_msp.d" -MT"Core/Src/stm32f0xx_hal_msp.o" --specs=nano.specs -mfloat-abi=soft -mthumb -o "Core/Src/stm32f0xx_hal_msp.o"
cc1.exe: warning: ./Core/Inc: No such file or directory [-Wmissing-include-dirs]
arm-none-eabi-gcc "../Core/Src/stm32f0xx_it.c" -mcpu=cortex-m0 -std=gnu11 -g3 -DDEBUG -DUSE_HAL_DRIVER -DSTM32F042x6 -c -I./Core/Inc -I"E:/USB FM Radio/Code/usb-fm-radio/Firmware/Core/Inc" -I"E:/USB FM Radio/Code/usb-fm-radio/Firmware/Drivers/STM32F0xx_HAL_Driver/Inc" -I"E:/USB FM Radio/Code/usb-fm-radio/Firmware/Drivers/STM32F0xx_HAL_Driver/Inc/Legacy" -I"E:/USB FM Radio/Code/usb-fm-radio/Firmware/Drivers/CMSIS/Device/ST/STM32F0xx/Include" -I"E:/USB FM Radio/Code/usb-fm-radio/Firmware/Drivers/CMSIS/Include" -I"E:/USB FM Radio/Code/usb-fm-radio/Firmware/USB/Core/Inc" -I"E:/USB FM Radio/Code/usb-fm-radio/Firmware/USB/Class/RADIO/Inc" -I"E:/USB FM Radio/Code/usb-fm-radio/Firmware/USB/Class/CustomHID/Inc" -Og -ffunction-sections -fdata-sections -Wall -Wextra -pedantic -pedantic-errors -Wmissing-include-dirs -Wswitch-default -Wswitch-enum -Wconversion -fstack-usage -fcyclomatic-complexity -MMD -MP -MF"Core/Src/stm32f0xx_it.d" -MT"Core/Src/stm32f0xx_it.o" --specs=nano.specs -mfloat-abi=soft -mthumb -o "Core/Src/stm32f0xx_it.o"
cc1.exe: warning: ./Core/Inc: No such file or directory [-Wmissing-include-dirs]
arm-none-eabi-gcc "../Core/Src/syscalls.c" -mcpu=cortex-m0 -std=gnu11 -g3 -DDEBUG -DUSE_HAL_DRIVER -DSTM32F042x6 -c -I./Core/Inc -I"E:/USB FM Radio/Code/usb-fm-radio/Firmware/Core/Inc" -I"E:/USB FM Radio/Code/usb-fm-radio/Firmware/Drivers/STM32F0xx_HAL_Driver/Inc" -I"E:/USB FM Radio/Code/usb-fm-radio/Firmware/Drivers/STM32F0xx_HAL_Driver/Inc/Legacy" -I"E:/USB FM Radio/Code/usb-fm-radio/Firmware/Drivers/CMSIS/Device/ST/STM32F0xx/Include" -I"E:/USB FM Radio/Code/usb-fm-radio/Firmware/Drivers/CMSIS/Include" -I"E:/USB FM Radio/Code/usb-fm-radio/Firmware/USB/Core/Inc" -I"E:/USB FM Radio/Code/usb-fm-radio/Firmware/USB/Class/RADIO/Inc" -I"E:/USB FM Radio/Code/usb-fm-radio/Firmware/USB/Class/CustomHID/Inc" -Og -ffunction-sections -fdata-sections -Wall -Wextra -pedantic -pedantic-errors -Wmissing-include-dirs -Wswitch-default -Wswitch-enum -Wconversion -fstack-usage -fcyclomatic-complexity -MMD -MP -MF"Core/Src/syscalls.d" -MT"Core/Src/syscalls.o" --specs=nano.specs -mfloat-abi=soft -mthumb -o "Core/Src/syscalls.o"
cc1.exe: warning: ./Core/Inc: No such file or directory [-Wmissing-include-dirs]
../Core/Src/syscalls.c: In function '_read':
../Core/Src/syscalls.c:74:26: warning: conversion from 'int' to 'char' may change value [-Wconversion]
   74 |                 *ptr++ = __io_getchar();
      |                          ^~~~~~~~~~~~
arm-none-eabi-gcc "../Core/Src/sysmem.c" -mcpu=cortex-m0 -std=gnu11 -g3 -DDEBUG -DUSE_HAL_DRIVER -DSTM32F042x6 -c -I./Core/Inc -I"E:/USB FM Radio/Code/usb-fm-radio/Firmware/Core/Inc" -I"E:/USB FM Radio/Code/usb-fm-radio/Firmware/Drivers/STM32F0xx_HAL_Driver/Inc" -I"E:/USB FM Radio/Code/usb-fm-radio/Firmware/Drivers/STM32F0xx_HAL_Driver/Inc/Legacy" -I"E:/USB FM Radio/Code/usb-fm-radio/Firmware/Drivers/CMSIS/Device/ST/STM32F0xx/Include" -I"E:/USB FM Radio/Code/usb-fm-radio/Firmware/Drivers/CMSIS/Include" -I"E:/USB FM Radio/Code/usb-fm-radio/Firmware/USB/Core/Inc" -I"E:/USB FM Radio/Code/usb-fm-radio/Firmware/USB/Class/RADIO/Inc" -I"E:/USB FM Radio/Code/usb-fm-radio/Firmware/USB/Class/CustomHID/Inc" -Og -ffunction-sections -fdata-sections -Wall -Wextra -pedantic -pedantic-errors -Wmissing-include-dirs -Wswitch-default -Wswitch-enum -Wconversion -fstack-usage -fcyclomatic-complexity -MMD -MP -MF"Core/Src/sysmem.d" -MT"Core/Src/sysmem.o" --specs=nano.specs -mfloat-abi=soft -mthumb -o "Core/Src/sysmem.o"
cc1.exe: warning: ./Core/Inc: No such file or directory [-Wmissing-include-dirs]
arm-none-eabi-gcc "../Core/Src/system_stm32f0xx.c" -mcpu=cortex-m0 -std=gnu11 -g3 -DDEBUG -DUSE_HAL_DRIVER -DSTM32F042x6 -c -I./Core/Inc -I"E:/USB FM Radio/Code/usb-fm-radio/Firmware/Core/Inc" -I"E:/USB FM Radio/Code/usb-fm-radio/Firmware/Drivers/STM32F0xx_HAL_Driver/Inc" -I"E:/USB FM Radio/Code/usb-fm-radio/Firmware/Drivers/STM32F0xx_HAL_Driver/Inc/Legacy" -I"E:/USB FM Radio/Code/usb-fm-radio/Firmware/Drivers/CMSIS/Device/ST/STM32F0xx/Include" -I"E:/USB FM Radio/Code/usb-fm-radio/Firmware/Drivers/CMSIS/Include" -I"E:/USB FM Radio/Code/usb-fm-radio/Firmware/USB/Core/Inc" -I"E:/USB FM Radio/Code/usb-fm-radio/Firmware/USB/Class/RADIO/Inc" -I"E:/USB FM Radio/Code/usb-fm-radio/Firmware/USB/Class/CustomHID/Inc" -Og -ffunction-sections -fdata-sections -Wall -Wextra -pedantic -pedantic-errors -Wmissing-include-dirs -Wswitch-default -Wswitch-enum -Wconversion -fstack-usage -fcyclomatic-complexity -MMD -MP -MF"Core/Src/system_stm32f0xx.d" -MT"Core/Src/system_stm32f0xx.o" --specs=nano.specs -mfloat-abi=soft -mthumb -o "Core/Src/system_stm32f0xx.o"
cc1.exe: warning: ./Core/Inc: No such file or directory [-Wmissing-include-dirs]
arm-none-eabi-gcc "../Core/Src/usb_device.c" -mcpu=cortex-m0 -std=gnu11 -g3 -DDEBUG -DUSE_HAL_DRIVER -DSTM32F042x6 -c -I./Core/Inc -I"E:/USB FM Radio/Code/usb-fm-radio/Firmware/Core/Inc" -I"E:/USB FM Radio/Code/usb-fm-radio/Firmware/Drivers/STM32F0xx_HAL_Driver/Inc" -I"E:/USB FM Radio/Code/usb-fm-radio/Firmware/Drivers/STM32F0xx_HAL_Driver/Inc/Legacy" -I"E:/USB FM Radio/Code/usb-fm-radio/Firmware/Drivers/CMSIS/Device/ST/STM32F0xx/Include" -I"E:/USB FM Radio/Code/usb-fm-radio/Firmware/Drivers/CMSIS/Include" -I"E:/USB FM Radio/Code/usb-fm-radio/Firmware/USB/Core/Inc" -I"E:/USB FM Radio/Code/usb-fm-radio/Firmware/USB/Class/RADIO/Inc" -I"E:/USB FM Radio/Code/usb-fm-radio/Firmware/USB/Class/CustomHID/Inc" -Og -ffunction-sections -fdata-sections -Wall -Wextra -pedantic -pedantic-errors -Wmissing-include-dirs -Wswitch-default -Wswitch-enum -Wconversion -fstack-usage -fcyclomatic-complexity -MMD -MP -MF"Core/Src/usb_device.d" -MT"Core/Src/usb_device.o" --specs=nano.specs -mfloat-abi=soft -mthumb -o "Core/Src/usb_device.o"
cc1.exe: warning: ./Core/Inc: No such file or directory [-Wmissing-include-dirs]
arm-none-eabi-gcc -o "Firmware.elf" @"objects.list"   -mcpu=cortex-m0 -T"E:\USB FM Radio\Code\usb-fm-radio\Firmware\STM32F042C6TX_FLASH.ld" --specs=nosys.specs -Wl,-Map="Firmware.map" -Wl,--cref -Wl,--gc-sections -static --specs=nano.specs -mfloat-abi=soft -mthumb -Wl,--start-group -lc -lm -Wl,--end-group
Finished building target: Firmware.elf
 
arm-none-eabi-size  Firmware.elf 
   text	   data	    bss	    dec	    hex	filename
  29064	    432	   4096	  33592	   8338	Firmware.elf
Finished building: default.size.stdout
 
arm-none-eabi-objdump -h -S Firmware.elf  > "Firmware.list"
Finished building: Firmware.list
 
14:33:40 **** Clean-only build of configuration Debug for project Firmware ****
make clean 
rm -rf ./USB/Core/Src/usbd_conf.cyclo ./USB/Core/Src/usbd_conf.d ./USB/Core/Src/usbd_conf.o ./USB/Core/Src/usbd_conf.su ./USB/Core/Src/usbd_core.cyclo ./USB/Core/Src/usbd_core.d ./USB/Core/Src/usbd_core.o ./USB/Core/Src/usbd_core.su ./USB/Core/Src/usbd_ctlreq.cyclo ./USB/Core/Src/usbd_ctlreq.d ./USB/Core/Src/usbd_ctlreq.o ./USB/Core/Src/usbd_ctlreq.su ./USB/Core/Src/usbd_desc.cyclo ./USB/Core/Src/usbd_desc.d ./USB/Core/Src/usbd_desc.o ./USB/Core/Src/usbd_desc.su ./USB/Core/Src/usbd_ioreq.cyclo ./USB/Core/Src/usbd_ioreq.d ./USB/Core/Src/usbd_ioreq.o ./USB/Core/Src/usbd_ioreq.su
rm -rf ./USB/Class/RADIO/Src/usbd_radio.cyclo ./USB/Class/RADIO/Src/usbd_radio.d ./USB/Class/RADIO/Src/usbd_radio.o ./USB/Class/RADIO/Src/usbd_radio.su
rm -rf ./USB/Class/CustomHID/Src/usbd_customhid.cyclo ./USB/Class/CustomHID/Src/usbd_customhid.d ./USB/Class/CustomHID/Src/usbd_customhid.o ./USB/Class/CustomHID/Src/usbd_customhid.su
rm -rf ./Drivers/STM32F0xx_HAL_Driver/Src/stm32f0xx_hal.cyclo ./Drivers/STM32F0xx_HAL_Driver/Src/stm32f0xx_hal.d ./Drivers/STM32F0xx_HAL_Driver/Src/stm32f0xx_hal.o ./Drivers/STM32F0xx_HAL_Driver/Src/stm32f0xx_hal.su ./Drivers/STM32F0xx_HAL_Driver/Src/stm32f0xx_hal_cortex.cyclo ./Drivers/STM32F0xx_HAL_Driver/Src/stm32f0xx_hal_cortex.d ./Drivers/STM32F0xx_HAL_Driver/Src/stm32f0xx_hal_cortex.o ./Drivers/STM32F0xx_HAL_Driver/Src/stm32f0xx_hal_cortex.su ./Drivers/STM32F0xx_HAL_Driver/Src/stm32f0xx_hal_dma.cyclo ./Drivers/STM32F0xx_HAL_Driver/Src/stm32f0xx_hal_dma.d ./Drivers/STM32F0xx_HAL_Driver/Src/stm32f0xx_hal_dma.o ./Drivers/STM32F0xx_HAL_Driver/Src/stm32f0xx_hal_dma.su ./Drivers/STM32F0xx_HAL_Driver/Src/stm32f0xx_hal_exti.cyclo ./Drivers/STM32F0xx_HAL_Driver/Src/stm32f0xx_hal_exti.d ./Drivers/STM32F0xx_HAL_Driver/Src/stm32f0xx_hal_exti.o ./Drivers/STM32F0xx_HAL_Driver/Src/stm32f0xx_hal_exti.su ./Drivers/STM32F0xx_HAL_Driver/Src/stm32f0xx_hal_flash.cyclo ./Drivers/STM32F0xx_HAL_Driver/Src/stm32f0xx_hal_flash.d ./Drivers/STM32F0xx_HAL_Driver/Src/stm32f0xx_hal_flash.o ./Drivers/STM32F0xx_HAL_Driver/Src/stm32f0xx_hal_flash.su ./Drivers/STM32F0xx_HAL_Driver/Src/stm32f0xx_hal_flash_ex.cyclo ./Drivers/STM32F0xx_HAL_Driver/Src/stm32f0xx_hal_flash_ex.d ./Drivers/STM32F0xx_HAL_Driver/Src/stm32f0xx_hal_flash_ex.o ./Drivers/STM32F0xx_HAL_Driver/Src/stm32f0xx_hal_flash_ex.su ./Drivers/STM32F0xx_HAL_Driver/Src/stm32f0xx_hal_gpio.cyclo ./Drivers/STM32F0xx_HAL_Driver/Src/stm32f0xx_hal_gpio.d ./Drivers/STM32F0xx_HAL_Driver/Src/stm32f0xx_hal_gpio.o ./Drivers/STM32F0xx_HAL_Driver/Src/stm32f0xx_hal_gpio.su ./Drivers/STM32F0xx_HAL_Driver/Src/stm32f0xx_hal_i2c.cyclo ./Drivers/STM32F0xx_HAL_Driver/Src/stm32f0xx_hal_i2c.d ./Drivers/STM32F0xx_HAL_Driver/Src/stm32f0xx_hal_i2c.o ./Drivers/STM32F0xx_HAL_Driver/Src/stm32f0xx_hal_i2c.su ./Drivers/STM32F0xx_HAL_Driver/Src/stm32f0xx_hal_i2c_ex.cyclo ./Drivers/STM32F0xx_HAL_Driver/Src/stm32f0xx_hal_i2c_ex.d ./Drivers/STM32F0xx_HAL_Driver/Src/stm32f0xx_hal_i2c_ex.o ./Drivers/STM32F0xx_HAL_Driver/Src/stm32f0xx_hal_i2c_ex.su ./Drivers/STM32F0xx_HAL_Driver/Src/stm32f0xx_hal_i2s.cyclo ./Drivers/STM32F0xx_HAL_Driver/Src/stm32f0xx_hal_i2s.d ./Drivers/STM32F0xx_HAL_Driver/Src/stm32f0xx_hal_i2s.o ./Drivers/STM32F0xx_HAL_Driver/Src/stm32f0xx_hal_i2s.su ./Drivers/STM32F0xx_HAL_Driver/Src/stm32f0xx_hal_pcd.cyclo ./Drivers/STM32F0xx_HAL_Driver/Src/stm32f0xx_hal_pcd.d ./Drivers/STM32F0xx_HAL_Driver/Src/stm32f0xx_hal_pcd.o ./Drivers/STM32F0xx_HAL_Driver/Src/stm32f0xx_hal_pcd.su ./Drivers/STM32F0xx_HAL_Driver/Src/stm32f0xx_hal_pcd_ex.cyclo ./Drivers/STM32F0xx_HAL_Driver/Src/stm32f0xx_hal_pcd_ex.d ./Drivers/STM32F0xx_HAL_Driver/Src/stm32f0xx_hal_pcd_ex.o ./Drivers/STM32F0xx_HAL_Driver/Src/stm32f0xx_hal_pcd_ex.su ./Drivers/STM32F0xx_HAL_Driver/Src/stm32f0xx_hal_pwr.cyclo ./Drivers/STM32F0xx_HAL_Driver/Src/stm32f0xx_hal_pwr.d ./Drivers/STM32F0xx_HAL_Driver/Src/stm32f0xx_hal_pwr.o ./Drivers/STM32F0xx_HAL_Driver/Src/stm32f0xx_hal_pwr.su ./Drivers/STM32F0xx_HAL_Driver/Src/stm32f0xx_hal_pwr_ex.cyclo ./Drivers/STM32F0xx_HAL_Driver/Src/stm32f0xx_hal_pwr_ex.d ./Drivers/STM32F0xx_HAL_Driver/Src/stm32f0xx_hal_pwr_ex.o ./Drivers/STM32F0xx_HAL_Driver/Src/stm32f0xx_hal_pwr_ex.su ./Drivers/STM32F0xx_HAL_Driver/Src/stm32f0xx_hal_rcc.cyclo ./Drivers/STM32F0xx_HAL_Driver/Src/stm32f0xx_hal_rcc.d ./Drivers/STM32F0xx_HAL_Driver/Src/stm32f0xx_hal_rcc.o ./Drivers/STM32F0xx_HAL_Driver/Src/stm32f0xx_hal_rcc.su ./Drivers/STM32F0xx_HAL_Driver/Src/stm32f0xx_hal_rcc_ex.cyclo ./Drivers/STM32F0xx_HAL_Driver/Src/stm32f0xx_hal_rcc_ex.d ./Drivers/STM32F0xx_HAL_Driver/Src/stm32f0xx_hal_rcc_ex.o ./Drivers/STM32F0xx_HAL_Driver/Src/stm32f0xx_hal_rcc_ex.su ./Drivers/STM32F0xx_HAL_Driver/Src/stm32f0xx_ll_usb.cyclo ./Drivers/STM32F0xx_HAL_Driver/Src/stm32f0xx_ll_usb.d ./Drivers/STM32F0xx_HAL_Driver/Src/stm32f0xx_ll_usb.o ./Drivers/STM32F0xx_HAL_Driver/Src/stm32f0xx_ll_usb.su
rm -rf ./Core/Startup/startup_stm32f042c6tx.d ./Core/Startup/startup_stm32f042c6tx.o
rm -rf ./Core/Src/dma.cyclo ./Core/Src/dma.d ./Core/Src/dma.o ./Core/Src/dma.su ./Core/Src/gpio.cyclo ./Core/Src/gpio.d ./Core/Src/gpio.o ./Core/Src/gpio.su ./Core/Src/i2c.cyclo ./Core/Src/i2c.d ./Core/Src/i2c.o ./Core/Src/i2c.su ./Core/Src/i2s.cyclo ./Core/Src/i2s.d ./Core/Src/i2s.o ./Core/Src/i2s.su ./Core/Src/main.cyclo ./Core/Src/main.d ./Core/Src/main.o ./Core/Src/main.su ./Core/Src/si4705.cyclo ./Core/Src/si4705.d ./Core/Src/si4705.o ./Core/Src/si4705.su ./Core/Src/stm32f0xx_hal_msp.cyclo ./Core/Src/stm32f0xx_hal_msp.d ./Core/Src/stm32f0xx_hal_msp.o ./Core/Src/stm32f0xx_hal_msp.su ./Core/Src/stm32f0xx_it.cyclo ./Core/Src/stm32f0xx_it.d ./Core/Src/stm32f0xx_it.o ./Core/Src/stm32f0xx_it.su ./Core/Src/syscalls.cyclo ./Core/Src/syscalls.d ./Core/Src/syscalls.o ./Core/Src/syscalls.su ./Core/Src/sysmem.cyclo ./Core/Src/sysmem.d ./Core/Src/sysmem.o ./Core/Src/sysmem.su ./Core/Src/system_stm32f0xx.cyclo ./Core/Src/system_stm32f0xx.d ./Core/Src/system_stm32f0xx.o ./Core/Src/system_stm32f0xx.su ./Core/Src/usb_device.cyclo ./Core/Src/usb_device.d ./Core/Src/usb_device.o ./Core/Src/usb_device.su
rm -rf Firmware.elf Firmware.list Firmware.map default.size.stdout
 
14:33:41 **** Clean-only build of configuration Debug for project Firmware ****
make clean 
rm -rf ./USB/Core/Src/usbd_conf.cyclo ./USB/Core/Src/usbd_conf.d ./USB/Core/Src/usbd_conf.o ./USB/Core/Src/usbd_conf.su ./USB/Core/Src/usbd_core.cyclo ./USB/Core/Src/usbd_core.d ./USB/Core/Src/usbd_core.o ./USB/Core/Src/usbd_core.su ./USB/Core/Src/usbd_ctlreq.cyclo ./USB/Core/Src/usbd_ctlreq.d ./USB/Core/Src/usbd_ctlreq.o ./USB/Core/Src/usbd_ctlreq.su ./USB/Core/Src/usbd_desc.cyclo ./USB/Core/Src/usbd_desc.d ./USB/Core/Src/usbd_desc.o ./USB/Core/Src/usbd_desc.su ./USB/Core/Src/usbd_ioreq.cyclo ./USB/Core/Src/usbd_ioreq.d ./USB/Core/Src/usbd_ioreq.o ./USB/Core/Src/usbd_ioreq.su
rm -rf ./USB/Class/RADIO/Src/usbd_radio.cyclo ./USB/Class/RADIO/Src/usbd_radio.d ./USB/Class/RADIO/Src/usbd_radio.o ./USB/Class/RADIO/Src/usbd_radio.su
rm -rf ./USB/Class/CustomHID/Src/usbd_customhid.cyclo ./USB/Class/CustomHID/Src/usbd_customhid.d ./USB/Class/CustomHID/Src/usbd_customhid.o ./USB/Class/CustomHID/Src/usbd_customhid.su
rm -rf ./Drivers/STM32F0xx_HAL_Driver/Src/stm32f0xx_hal.cyclo ./Drivers/STM32F0xx_HAL_Driver/Src/stm32f0xx_hal.d ./Drivers/STM32F0xx_HAL_Driver/Src/stm32f0xx_hal.o ./Drivers/STM32F0xx_HAL_Driver/Src/stm32f0xx_hal.su ./Drivers/STM32F0xx_HAL_Driver/Src/stm32f0xx_hal_cortex.cyclo ./Drivers/STM32F0xx_HAL_Driver/Src/stm32f0xx_hal_cortex.d ./Drivers/STM32F0xx_HAL_Driver/Src/stm32f0xx_hal_cortex.o ./Drivers/STM32F0xx_HAL_Driver/Src/stm32f0xx_hal_cortex.su ./Drivers/STM32F0xx_HAL_Driver/Src/stm32f0xx_hal_dma.cyclo ./Drivers/STM32F0xx_HAL_Driver/Src/stm32f0xx_hal_dma.d ./Drivers/STM32F0xx_HAL_Driver/Src/stm32f0xx_hal_dma.o ./Drivers/STM32F0xx_HAL_Driver/Src/stm32f0xx_hal_dma.su ./Drivers/STM32F0xx_HAL_Driver/Src/stm32f0xx_hal_exti.cyclo ./Drivers/STM32F0xx_HAL_Driver/Src/stm32f0xx_hal_exti.d ./Drivers/STM32F0xx_HAL_Driver/Src/stm32f0xx_hal_exti.o ./Drivers/STM32F0xx_HAL_Driver/Src/stm32f0xx_hal_exti.su ./Drivers/STM32F0xx_HAL_Driver/Src/stm32f0xx_hal_flash.cyclo ./Drivers/STM32F0xx_HAL_Driver/Src/stm32f0xx_hal_flash.d ./Drivers/STM32F0xx_HAL_Driver/Src/stm32f0xx_hal_flash.o ./Drivers/STM32F0xx_HAL_Driver/Src/stm32f0xx_hal_flash.su ./Drivers/STM32F0xx_HAL_Driver/Src/stm32f0xx_hal_flash_ex.cyclo ./Drivers/STM32F0xx_HAL_Driver/Src/stm32f0xx_hal_flash_ex.d ./Drivers/STM32F0xx_HAL_Driver/Src/stm32f0xx_hal_flash_ex.o ./Drivers/STM32F0xx_HAL_Driver/Src/stm32f0xx_hal_flash_ex.su ./Drivers/STM32F0xx_HAL_Driver/Src/stm32f0xx_hal_gpio.cyclo ./Drivers/STM32F0xx_HAL_Driver/Src/stm32f0xx_hal_gpio.d ./Drivers/STM32F0xx_HAL_Driver/Src/stm32f0xx_hal_gpio.o ./Drivers/STM32F0xx_HAL_Driver/Src/stm32f0xx_hal_gpio.su ./Drivers/STM32F0xx_HAL_Driver/Src/stm32f0xx_hal_i2c.cyclo ./Drivers/STM32F0xx_HAL_Driver/Src/stm32f0xx_hal_i2c.d ./Drivers/STM32F0xx_HAL_Driver/Src/stm32f0xx_hal_i2c.o ./Drivers/STM32F0xx_HAL_Driver/Src/stm32f0xx_hal_i2c.su ./Drivers/STM32F0xx_HAL_Driver/Src/stm32f0xx_hal_i2c_ex.cyclo ./Drivers/STM32F0xx_HAL_Driver/Src/stm32f0xx_hal_i2c_ex.d ./Drivers/STM32F0xx_HAL_Driver/Src/stm32f0xx_hal_i2c_ex.o ./Drivers/STM32F0xx_HAL_Driver/Src/stm32f0xx_hal_i2c_ex.su ./Drivers/STM32F0xx_HAL_Driver/Src/stm32f0xx_hal_i2s.cyclo ./Drivers/STM32F0xx_HAL_Driver/Src/stm32f0xx_hal_i2s.d ./Drivers/STM32F0xx_HAL_Driver/Src/stm32f0xx_hal_i2s.o ./Drivers/STM32F0xx_HAL_Driver/Src/stm32f0xx_hal_i2s.su ./Drivers/STM32F0xx_HAL_Driver/Src/stm32f0xx_hal_pcd.cyclo ./Drivers/STM32F0xx_HAL_Driver/Src/stm32f0xx_hal_pcd.d ./Drivers/STM32F0xx_HAL_Driver/Src/stm32f0xx_hal_pcd.o ./Drivers/STM32F0xx_HAL_Driver/Src/stm32f0xx_hal_pcd.su ./Drivers/STM32F0xx_HAL_Driver/Src/stm32f0xx_hal_pcd_ex.cyclo ./Drivers/STM32F0xx_HAL_Driver/Src/stm32f0xx_hal_pcd_ex.d ./Drivers/STM32F0xx_HAL_Driver/Src/stm32f0xx_hal_pcd_ex.o ./Drivers/STM32F0xx_HAL_Driver/Src/stm32f0xx_hal_pcd_ex.su ./Drivers/STM32F0xx_HAL_Driver/Src/stm32f0xx_hal_pwr.cyclo ./Drivers/STM32F0xx_HAL_Driver/Src/stm32f0xx_hal_pwr.d ./Drivers/STM32F0xx_HAL_Driver/Src/stm32f0xx_hal_pwr.o ./Drivers/STM32F0xx_HAL_Driver/Src/stm32f0xx_hal_pwr.su ./Drivers/STM32F0xx_HAL_Driver/Src/stm32f0xx_hal_pwr_ex.cyclo ./Drivers/STM32F0xx_HAL_Driver/Src/stm32f0xx_hal_pwr_ex.d ./Drivers/STM32F0xx_HAL_Driver/Src/stm32f0xx_hal_pwr_ex.o ./Drivers/STM32F0xx_HAL_Driver/Src/stm32f0xx_hal_pwr_ex.su ./Drivers/STM32F0xx_HAL_Driver/Src/stm32f0xx_hal_rcc.cyclo ./Drivers/STM32F0xx_HAL_Driver/Src/stm32f0xx_hal_rcc.d ./Drivers/STM32F0xx_HAL_Driver/Src/stm32f0xx_hal_rcc.o ./Drivers/STM32F0xx_HAL_Driver/Src/stm32f0xx_hal_rcc.su ./Drivers/STM32F0xx_HAL_Driver/Src/stm32f0xx_hal_rcc_ex.cyclo ./Drivers/STM32F0xx_HAL_Driver/Src/stm32f0xx_hal_rcc_ex.d ./Drivers/STM32F0xx_HAL_Driver/Src/stm32f0xx_hal_rcc_ex.o ./Drivers/STM32F0xx_HAL_Driver/Src/stm32f0xx_hal_rcc_ex.su ./Drivers/STM32F0xx_HAL_Driver/Src/stm32f0xx_ll_usb.cyclo ./Drivers/STM32F0xx_HAL_Driver/Src/stm32f0xx_ll_usb.d ./Drivers/STM32F0xx_HAL_Driver/Src/stm32f0xx_ll_usb.o ./Drivers/STM32F0xx_HAL_Driver/Src/stm32f0xx_ll_usb.su
rm -rf ./Core/Startup/startup_stm32f042c6tx.d ./Core/Startup/startup_stm32f042c6tx.o
rm -rf ./Core/Src/dma.cyclo ./Core/Src/dma.d ./Core/Src/dma.o ./Core/Src/dma.su ./Core/Src/gpio.cyclo ./Core/Src/gpio.d ./Core/Src/gpio.o ./Core/Src/gpio.su ./Core/Src/i2c.cyclo ./Core/Src/i2c.d ./Core/Src/i2c.o ./Core/Src/i2c.su ./Core/Src/i2s.cyclo ./Core/Src/i2s.d ./Core/Src/i2s.o ./Core/Src/i2s.su ./Core/Src/main.cyclo ./Core/Src/main.d ./Core/Src/main.o ./Core/Src/main.su ./Core/Src/si4705.cyclo ./Core/Src/si4705.d ./Core/Src/si4705.o ./Core/Src/si4705.su ./Core/Src/stm32f0xx_hal_msp.cyclo ./Core/Src/stm32f0xx_hal_msp.d ./Core/Src/stm32f0xx_hal_msp.o ./Core/Src/stm32f0xx_hal_msp.su ./Core/Src/stm32f0xx_it.cyclo ./Core/Src/stm32f0xx_it.d ./Core/Src/stm32f0xx_it.o ./Core/Src/stm32f0xx_it.su ./Core/Src/syscalls.cyclo ./Core/Src/syscalls.d ./Core/Src/syscalls.o ./Core/Src/syscalls.su ./Core/Src/sysmem.cyclo ./Core/Src/sysmem.d ./Core/Src/sysmem.o ./Core/Src/sysmem.su ./Core/Src/system_stm32f0xx.cyclo ./Core/Src/system_stm32f0xx.d ./Core/Src/system_stm32f0xx.o ./Core/Src/system_stm32f0xx.su ./Core/Src/usb_device.cyclo ./Core/Src/usb_device.d ./Core/Src/usb_device.o ./Core/Src/usb_device.su
rm -rf Firmware.elf Firmware.list Firmware.map default.size.stdout
 
14:33:41 **** Build of configuration Debug for project Firmware ****
make all 
arm-none-eabi-gcc "../USB/Core/Src/usbd_conf.c" -mcpu=cortex-m0 -std=gnu11 -g3 -DDEBUG -DUSE_HAL_DRIVER -DSTM32F042x6 -c -I"E:/USB FM Radio/Code/usb-fm-radio/Firmware/Core/Inc" -I"E:/USB FM Radio/Code/usb-fm-radio/Firmware/Drivers/STM32F0xx_HAL_Driver/Inc" -I"E:/USB FM Radio/Code/usb-fm-radio/Firmware/Drivers/STM32F0xx_HAL_Driver/Inc/Legacy" -I"E:/USB FM Radio/Code/usb-fm-radio/Firmware/Drivers/CMSIS/Device/ST/STM32F0xx/Include" -I"E:/USB FM Radio/Code/usb-fm-radio/Firmware/Drivers/CMSIS/Include" -I"E:/USB FM Radio/Code/usb-fm-radio/Firmware/USB/Core/Inc" -I"E:/USB FM Radio/Code/usb-fm-radio/Firmware/USB/Class/RADIO/Inc" -I"E:/USB FM Radio/Code/usb-fm-radio/Firmware/USB/Class/CustomHID/Inc" -Og -ffunction-sections -fdata-sections -Wall -Wextra -pedantic -pedantic-errors -Wmissing-include-dirs -Wswitch-default -Wswitch-enum -Wconversion -fstack-usage -fcyclomatic-complexity -MMD -MP -MF"USB/Core/Src/usbd_conf.d" -MT"USB/Core/Src/usbd_conf.o" --specs=nano.specs -mfloat-abi=soft -mthumb -o "USB/Core/Src/usbd_conf.o"
arm-none-eabi-gcc "../USB/Core/Src/usbd_core.c" -mcpu=cortex-m0 -std=gnu11 -g3 -DDEBUG -DUSE_HAL_DRIVER -DSTM32F042x6 -c -I"E:/USB FM Radio/Code/usb-fm-radio/Firmware/Core/Inc" -I"E:/USB FM Radio/Code/usb-fm-radio/Firmware/Drivers/STM32F0xx_HAL_Driver/Inc" -I"E:/USB FM Radio/Code/usb-fm-radio/Firmware/Drivers/STM32F0xx_HAL_Driver/Inc/Legacy" -I"E:/USB FM Radio/Code/usb-fm-radio/Firmware/Drivers/CMSIS/Device/ST/STM32F0xx/Include" -I"E:/USB FM Radio/Code/usb-fm-radio/Firmware/Drivers/CMSIS/Include" -I"E:/USB FM Radio/Code/usb-fm-radio/Firmware/USB/Core/Inc" -I"E:/USB FM Radio/Code/usb-fm-radio/Firmware/USB/Class/RADIO/Inc" -I"E:/USB FM Radio/Code/usb-fm-radio/Firmware/USB/Class/CustomHID/Inc" -Og -ffunction-sections -fdata-sections -Wall -Wextra -pedantic -pedantic-errors -Wmissing-include-dirs -Wswitch-default -Wswitch-enum -Wconversion -fstack-usage -fcyclomatic-complexity -MMD -MP -MF"USB/Core/Src/usbd_core.d" -MT"USB/Core/Src/usbd_core.o" --specs=nano.specs -mfloat-abi=soft -mthumb -o "USB/Core/Src/usbd_core.o"
arm-none-eabi-gcc "../USB/Core/Src/usbd_ctlreq.c" -mcpu=cortex-m0 -std=gnu11 -g3 -DDEBUG -DUSE_HAL_DRIVER -DSTM32F042x6 -c -I"E:/USB FM Radio/Code/usb-fm-radio/Firmware/Core/Inc" -I"E:/USB FM Radio/Code/usb-fm-radio/Firmware/Drivers/STM32F0xx_HAL_Driver/Inc" -I"E:/USB FM Radio/Code/usb-fm-radio/Firmware/Drivers/STM32F0xx_HAL_Driver/Inc/Legacy" -I"E:/USB FM Radio/Code/usb-fm-radio/Firmware/Drivers/CMSIS/Device/ST/STM32F0xx/Include" -I"E:/USB FM Radio/Code/usb-fm-radio/Firmware/Drivers/CMSIS/Include" -I"E:/USB FM Radio/Code/usb-fm-radio/Firmware/USB/Core/Inc" -I"E:/USB FM Radio/Code/usb-fm-radio/Firmware/USB/Class/RADIO/Inc" -I"E:/USB FM Radio/Code/usb-fm-radio/Firmware/USB/Class/CustomHID/Inc" -Og -ffunction-sections -fdata-sections -Wall -Wextra -pedantic -pedantic-errors -Wmissing-include-dirs -Wswitch-default -Wswitch-enum -Wconversion -fstack-usage -fcyclomatic-complexity -MMD -MP -MF"USB/Core/Src/usbd_ctlreq.d" -MT"USB/Core/Src/usbd_ctlreq.o" --specs=nano.specs -mfloat-abi=soft -mthumb -o "USB/Core/Src/usbd_ctlreq.o"
In file included from E:/USB FM Radio/Code/usb-fm-radio/Firmware/USB/Core/Inc/usbd_ctlreq.h:28,
                 from ../USB/Core/Src/usbd_ctlreq.c:20:
../USB/Core/Src/usbd_ctlreq.c: In function 'USBD_GetString':
E:/USB FM Radio/Code/usb-fm-radio/Firmware/USB/Core/Inc/usbd_def.h:463:20: warning: conversion from 'unsigned int' to 'uint16_t' {aka 'short unsigned int'} may change value [-Wconversion]
  463 | #define MIN(a, b)  (((a) < (b)) ? (a) : (b))
      |                    ^
../USB/Core/Src/usbd_ctlreq.c:1019:16: note: in expansion of macro 'MIN'
 1019 |         *len = MIN(USBD_MAX_STR_DESC_SIZ, ((uint16_t )USBD_GetLen(pdesc) * 2U) + 2U);
      |                ^~~
[...]
../Drivers/STM32F0xx_HAL_Driver/Src/stm32f0xx_hal_pcd_ex.c:276:19: warning: unsigned conversion from 'int' to 'uint16_t' {aka 'short unsigned int'} changes the value of '-3' [-Wsign-conversion]
  276 |   USBx->LPMCSR &= ~(USB_LPMCSR_LPMACK);
      |                   ^
arm-none-eabi-gcc "../Drivers/STM32F0xx_HAL_Driver/Src/stm32f0xx_hal_pwr.c" -mcpu=cortex-m0 -std=gnu11 -g3 -DDEBUG -DUSE_HAL_DRIVER -DSTM32F042x6 -c -I"E:/USB FM Radio/Code/usb-fm-radio/Firmware/Core/Inc" -I"E:/USB FM Radio/Code/usb-fm-radio/Firmware/Drivers/STM32F0xx_HAL_Driver/Inc" -I"E:/USB FM Radio/Code/usb-fm-radio/Firmware/Drivers/STM32F0xx_HAL_Driver/Inc/Legacy" -I"E:/USB FM Radio/Code/usb-fm-radio/Firmware/Drivers/CMSIS/Device/ST/STM32F0xx/Include" -I"E:/USB FM Radio/Code/usb-fm-radio/Firmware/Drivers/CMSIS/Include" -I"E:/USB FM Radio/Code/usb-fm-radio/Firmware/USB/Core/Inc" -I"E:/USB FM Radio/Code/usb-fm-radio/Firmware/USB/Class/RADIO/Inc" -I"E:/USB FM Radio/Code/usb-fm-radio/Firmware/USB/Class/CustomHID/Inc" -Og -ffunction-sections -fdata-sections -Wall -Wextra -pedantic -pedantic-errors -Wmissing-include-dirs -Wswitch-default -Wswitch-enum -Wconversion -fstack-usage -fcyclomatic-complexity -MMD -MP -MF"Drivers/STM32F0xx_HAL_Driver/Src/stm32f0xx_hal_pwr.d" -MT"Drivers/STM32F0xx_HAL_Driver/Src/stm32f0xx_hal_pwr.o" --specs=nano.specs -mfloat-abi=soft -mthumb -o "Drivers/STM32F0xx_HAL_Driver/Src/stm32f0xx_hal_pwr.o"
arm-none-eabi-gcc "../Drivers/STM32F0xx_HAL_Driver/Src/stm32f0xx_hal_pwr_ex.c" -mcpu=cortex-m0 -std=gnu11 -g3 -DDEBUG -DUSE_HAL_DRIVER -DSTM32F042x6 -c -I"E:/USB FM Radio/Code/usb-fm-radio/Firmware/Core/Inc" -I"E:/USB FM Radio/Code/usb-fm-radio/Firmware/Drivers/STM32F0xx_HAL_Driver/Inc" -I"E:/USB FM Radio/Code/usb-fm-radio/Firmware/Drivers/STM32F0xx_HAL_Driver/Inc/Legacy" -I"E:/USB FM Radio/Code/usb-fm-radio/Firmware/Drivers/CMSIS/Device/ST/STM32F0xx/Include" -I"E:/USB FM Radio/Code/usb-fm-radio/Firmware/Drivers/CMSIS/Include" -I"E:/USB FM Radio/Code/usb-fm-radio/Firmware/USB/Core/Inc" -I"E:/USB FM Radio/Code/usb-fm-radio/Firmware/USB/Class/RADIO/Inc" -I"E:/USB FM Radio/Code/usb-fm-radio/Firmware/USB/Class/CustomHID/Inc" -Og -ffunction-sections -fdata-sections -Wall -Wextra -pedantic -pedantic-errors -Wmissing-include-dirs -Wswitch-default -Wswitch-enum -Wconversion -fstack-usage -fcyclomatic-complexity -MMD -MP -MF"Drivers/STM32F0xx_HAL_Driver/Src/stm32f0xx_hal_pwr_ex.d" -MT"Drivers/STM32F0xx_HAL_Driver/Src/stm32f0xx_hal_pwr_ex.o" --specs=nano.specs -mfloat-abi=soft -mthumb -o "Drivers/STM32F0xx_HAL_Driver/Src/stm32f0xx_hal_pwr_ex.o"
arm-none-eabi-gcc "../Drivers/STM32F0xx_HAL_Driver/Src/stm32f0xx_hal_rcc.c" -mcpu=cortex-m0 -std=gnu11 -g3 -DDEBUG -DUSE_HAL_DRIVER -DSTM32F042x6 -c -I"E:/USB FM Radio/Code/usb-fm-radio/Firmware/Core/Inc" -I"E:/USB FM Radio/Code/usb-fm-radio/Firmware/Drivers/STM32F0xx_HAL_Driver/Inc" -I"E:/USB FM Radio/Code/usb-fm-radio/Firmware/Drivers/STM32F0xx_HAL_Driver/Inc/Legacy" -I"E:/USB FM Radio/Code/usb-fm-radio/Firmware/Drivers/CMSIS/Device/ST/STM32F0xx/Include" -I"E:/USB FM Radio/Code/usb-fm-radio/Firmware/Drivers/CMSIS/Include" -I"E:/USB FM Radio/Code/usb-fm-radio/Firmware/USB/Core/Inc" -I"E:/USB FM Radio/Code/usb-fm-radio/Firmware/USB/Class/RADIO/Inc" -I"E:/USB FM Radio/Code/usb-fm-radio/Firmware/USB/Class/CustomHID/Inc" -Og -ffunction-sections -fdata-sections -Wall -Wextra -pedantic -pedantic-errors -Wmissing-include-dirs -Wswitch-default -Wswitch-enum -Wconversion -fstack-usage -fcyclomatic-complexity -MMD -MP -MF"Drivers/STM32F0xx_HAL_Driver/Src/stm32f0xx_hal_rcc.d" -MT"Drivers/STM32F0xx_HAL_Driver/Src/stm32f0xx_hal_rcc.o" --specs=nano.specs -mfloat-abi=soft -mthumb -o "Drivers/STM32F0xx_HAL_Driver/Src/stm32f0xx_hal_rcc.o"
arm-none-eabi-gcc "../Drivers/STM32F0xx_HAL_Driver/Src/stm32f0xx_hal_rcc_ex.c" -mcpu=cortex-m0 -std=gnu11 -g3 -DDEBUG -DUSE_HAL_DRIVER -DSTM32F042x6 -c -I"E:/USB FM Radio/Code/usb-fm-radio/Firmware/Core/Inc" -I"E:/USB FM Radio/Code/usb-fm-radio/Firmware/Drivers/STM32F0xx_HAL_Driver/Inc" -I"E:/USB FM Radio/Code/usb-fm-radio/Firmware/Drivers/STM32F0xx_HAL_Driver/Inc/Legacy" -I"E:/USB FM Radio/Code/usb-fm-radio/Firmware/Drivers/CMSIS/Device/ST/STM32F0xx/Include" -I"E:/USB FM Radio/Code/usb-fm-radio/Firmware/Drivers/CMSIS/Include" -I"E:/USB FM Radio/Code/usb-fm-radio/Firmware/USB/Core/Inc" -I"E:/USB FM Radio/Code/usb-fm-radio/Firmware/USB/Class/RADIO/Inc" -I"E:/USB FM Radio/Code/usb-fm-radio/Firmware/USB/Class/CustomHID/Inc" -Og -ffunction-sections -fdata-sections -Wall -Wextra -pedantic -pedantic-errors -Wmissing-include-dirs -Wswitch-default -Wswitch-enum -Wconversion -fstack-usage -fcyclomatic-complexity -MMD -MP -MF"Drivers/STM32F0xx_HAL_Driver/Src/stm32f0xx_hal_rcc_ex.d" -MT"Drivers/STM32F0xx_HAL_Driver/Src/stm32f0xx_hal_rcc_ex.o" --specs=nano.specs -mfloat-abi=soft -mthumb -o "Drivers/STM32F0xx_HAL_Driver/Src/stm32f0xx_hal_rcc_ex.o"
arm-none-eabi-gcc "../Drivers/STM32F0xx_HAL_Driver/Src/stm32f0xx_ll_usb.c" -mcpu=cortex-m0 -std=gnu11 -g3 -DDEBUG -DUSE_HAL_DRIVER -DSTM32F042x6 -c -I"E:/USB FM Radio/Code/usb-fm-radio/Firmware/Core/Inc" -I"E:/USB FM Radio/Code/usb-fm-radio/Firmware/Drivers/STM32F0xx_HAL_Driver/Inc" -I"E:/USB FM Radio/Code/usb-fm-radio/Firmware/Drivers/STM32F0xx_HAL_Driver/Inc/Legacy" -I"E:/USB FM Radio/Code/usb-fm-radio/Firmware/Drivers/CMSIS/Device/ST/STM32F0xx/Include" -I"E:/USB FM Radio/Code/usb-fm-radio/Firmware/Drivers/CMSIS/Include" -I"E:/USB FM Radio/Code/usb-fm-radio/Firmware/USB/Core/Inc" -I"E:/USB FM Radio/Code/usb-fm-radio/Firmware/USB/Class/RADIO/Inc" -I"E:/USB FM Radio/Code/usb-fm-radio/Firmware/USB/Class/CustomHID/Inc" -Og -ffunction-sections -fdata-sections -Wall -Wextra -pedantic -pedantic-errors -Wmissing-include-dirs -Wswitch-default -Wswitch-enum -Wconversion -fstack-usage -fcyclomatic-complexity -MMD -MP -MF"Drivers/STM32F0xx_HAL_Driver/Src/stm32f0xx_ll_usb.d" -MT"Drivers/STM32F0xx_HAL_Driver/Src/stm32f0xx_ll_usb.o" --specs=nano.specs -mfloat-abi=soft -mthumb -o "Drivers/STM32F0xx_HAL_Driver/Src/stm32f0xx_ll_usb.o"
arm-none-eabi-gcc -mcpu=cortex-m0 -g3 -DDEBUG -c -I"E:/USB FM Radio/Code/usb-fm-radio/Firmware/USB/Core/Inc" -I"E:/USB FM Radio/Code/usb-fm-radio/Firmware/USB/Class/CustomHID/Inc" -I"E:/USB FM Radio/Code/usb-fm-radio/Firmware/USB/Class/RADIO/Inc" -x assembler-with-cpp -MMD -MP -MF"Core/Startup/startup_stm32f042c6tx.d" -MT"Core/Startup/startup_stm32f042c6tx.o" --specs=nano.specs -mfloat-abi=soft -mthumb -o "Core/Startup/startup_stm32f042c6tx.o" "../Core/Startup/startup_stm32f042c6tx.s"
arm-none-eabi-gcc "../Core/Src/dma.c" -mcpu=cortex-m0 -std=gnu11 -g3 -DDEBUG -DUSE_HAL_DRIVER -DSTM32F042x6 -c -I"E:/USB FM Radio/Code/usb-fm-radio/Firmware/Core/Inc" -I"E:/USB FM Radio/Code/usb-fm-radio/Firmware/Drivers/STM32F0xx_HAL_Driver/Inc" -I"E:/USB FM Radio/Code/usb-fm-radio/Firmware/Drivers/STM32F0xx_HAL_Driver/Inc/Legacy" -I"E:/USB FM Radio/Code/usb-fm-radio/Firmware/Drivers/CMSIS/Device/ST/STM32F0xx/Include" -I"E:/USB FM Radio/Code/usb-fm-radio/Firmware/Drivers/CMSIS/Include" -I"E:/USB FM Radio/Code/usb-fm-radio/Firmware/USB/Core/Inc" -I"E:/USB FM Radio/Code/usb-fm-radio/Firmware/USB/Class/RADIO/Inc" -I"E:/USB FM Radio/Code/usb-fm-radio/Firmware/USB/Class/CustomHID/Inc" -Og -ffunction-sections -fdata-sections -Wall -Wextra -pedantic -pedantic-errors -Wmissing-include-dirs -Wswitch-default -Wswitch-enum -Wconversion -fstack-usage -fcyclomatic-complexity -MMD -MP -MF"Core/Src/dma.d" -MT"Core/Src/dma.o" --specs=nano.specs -mfloat-abi=soft -mthumb -o "Core/Src/dma.o"
arm-none-eabi-gcc "../Core/Src/gpio.c" -mcpu=cortex-m0 -std=gnu11 -g3 -DDEBUG -DUSE_HAL_DRIVER -DSTM32F042x6 -c -I"E:/USB FM Radio/Code/usb-fm-radio/Firmware/Core/Inc" -I"E:/USB FM Radio/Code/usb-fm-radio/Firmware/Drivers/STM32F0xx_HAL_Driver/Inc" -I"E:/USB FM Radio/Code/usb-fm-radio/Firmware/Drivers/STM32F0xx_HAL_Driver/Inc/Legacy" -I"E:/USB FM Radio/Code/usb-fm-radio/Firmware/Drivers/CMSIS/Device/ST/STM32F0xx/Include" -I"E:/USB FM Radio/Code/usb-fm-radio/Firmware/Drivers/CMSIS/Include" -I"E:/USB FM Radio/Code/usb-fm-radio/Firmware/USB/Core/Inc" -I"E:/USB FM Radio/Code/usb-fm-radio/Firmware/USB/Class/RADIO/Inc" -I"E:/USB FM Radio/Code/usb-fm-radio/Firmware/USB/Class/CustomHID/Inc" -Og -ffunction-sections -fdata-sections -Wall -Wextra -pedantic -pedantic-errors -Wmissing-include-dirs -Wswitch-default -Wswitch-enum -Wconversion -fstack-usage -fcyclomatic-complexity -MMD -MP -MF"Core/Src/gpio.d" -MT"Core/Src/gpio.o" --specs=nano.specs -mfloat-abi=soft -mthumb -o "Core/Src/gpio.o"
arm-none-eabi-gcc "../Core/Src/i2c.c" -mcpu=cortex-m0 -std=gnu11 -g3 -DDEBUG -DUSE_HAL_DRIVER -DSTM32F042x6 -c -I"E:/USB FM Radio/Code/usb-fm-radio/Firmware/Core/Inc" -I"E:/USB FM Radio/Code/usb-fm-radio/Firmware/Drivers/STM32F0xx_HAL_Driver/Inc" -I"E:/USB FM Radio/Code/usb-fm-radio/Firmware/Drivers/STM32F0xx_HAL_Driver/Inc/Legacy" -I"E:/USB FM Radio/Code/usb-fm-radio/Firmware/Drivers/CMSIS/Device/ST/STM32F0xx/Include" -I"E:/USB FM Radio/Code/usb-fm-radio/Firmware/Drivers/CMSIS/Include" -I"E:/USB FM Radio/Code/usb-fm-radio/Firmware/USB/Core/Inc" -I"E:/USB FM Radio/Code/usb-fm-radio/Firmware/USB/Class/RADIO/Inc" -I"E:/USB FM Radio/Code/usb-fm-radio/Firmware/USB/Class/CustomHID/Inc" -Og -ffunction-sections -fdata-sections -Wall -Wextra -pedantic -pedantic-errors -Wmissing-include-dirs -Wswitch-default -Wswitch-enum -Wconversion -fstack-usage -fcyclomatic-complexity -MMD -MP -MF"Core/Src/i2c.d" -MT"Core/Src/i2c.o" --specs=nano.specs -mfloat-abi=soft -mthumb -o "Core/Src/i2c.o"
arm-none-eabi-gcc "../Core/Src/i2s.c" -mcpu=cortex-m0 -std=gnu11 -g3 -DDEBUG -DUSE_HAL_DRIVER -DSTM32F042x6 -c -I"E:/USB FM Radio/Code/usb-fm-radio/Firmware/Core/Inc" -I"E:/USB FM Radio/Code/usb-fm-radio/Firmware/Drivers/STM32F0xx_HAL_Driver/Inc" -I"E:/USB FM Radio/Code/usb-fm-radio/Firmware/Drivers/STM32F0xx_HAL_Driver/Inc/Legacy" -I"E:/USB FM Radio/Code/usb-fm-radio/Firmware/Drivers/CMSIS/Device/ST/STM32F0xx/Include" -I"E:/USB FM Radio/Code/usb-fm-radio/Firmware/Drivers/CMSIS/Include" -I"E:/USB FM Radio/Code/usb-fm-radio/Firmware/USB/Core/Inc" -I"E:/USB FM Radio/Code/usb-fm-radio/Firmware/USB/Class/RADIO/Inc" -I"E:/USB FM Radio/Code/usb-fm-radio/Firmware/USB/Class/CustomHID/Inc" -Og -ffunction-sections -fdata-sections -Wall -Wextra -pedantic -pedantic-errors -Wmissing-include-dirs -Wswitch-default -Wswitch-enum -Wconversion -fstack-usage -fcyclomatic-complexity -MMD -MP -MF"Core/Src/i2s.d" -MT"Core/Src/i2s.o" --specs=nano.specs -mfloat-abi=soft -mthumb -o "Core/Src/i2s.o"
arm-none-eabi-gcc "../Core/Src/main.c" -mcpu=cortex-m0 -std=gnu11 -g3 -DDEBUG -DUSE_HAL_DRIVER -DSTM32F042x6 -c -I"E:/USB FM Radio/Code/usb-fm-radio/Firmware/Core/Inc" -I"E:/USB FM Radio/Code/usb-fm-radio/Firmware/Drivers/STM32F0xx_HAL_Driver/Inc" -I"E:/USB FM Radio/Code/usb-fm-radio/Firmware/Drivers/STM32F0xx_HAL_Driver/Inc/Legacy" -I"E:/USB FM Radio/Code/usb-fm-radio/Firmware/Drivers/CMSIS/Device/ST/STM32F0xx/Include" -I"E:/USB FM Radio/Code/usb-fm-radio/Firmware/Drivers/CMSIS/Include" -I"E:/USB FM Radio/Code/usb-fm-radio/Firmware/USB/Core/Inc" -I"E:/USB FM Radio/Code/usb-fm-radio/Firmware/USB/Class/RADIO/Inc" -I"E:/USB FM Radio/Code/usb-fm-radio/Firmware/USB/Class/CustomHID/Inc" -Og -ffunction-sections -fdata-sections -Wall -Wextra -pedantic -pedantic-errors -Wmissing-include-dirs -Wswitch-default -Wswitch-enum -Wconversion -fstack-usage -fcyclomatic-complexity -MMD -MP -MF"Core/Src/main.d" -MT"Core/Src/main.o" --specs=nano.specs -mfloat-abi=soft -mthumb -o "Core/Src/main.o"
arm-none-eabi-gcc "../Core/Src/si4705.c" -mcpu=cortex-m0 -std=gnu11 -g3 -DDEBUG -DUSE_HAL_DRIVER -DSTM32F042x6 -c -I"E:/USB FM Radio/Code/usb-fm-radio/Firmware/Core/Inc" -I"E:/USB FM Radio/Code/usb-fm-radio/Firmware/Drivers/STM32F0xx_HAL_Driver/Inc" -I"E:/USB FM Radio/Code/usb-fm-radio/Firmware/Drivers/STM32F0xx_HAL_Driver/Inc/Legacy" -I"E:/USB FM Radio/Code/usb-fm-radio/Firmware/Drivers/CMSIS/Device/ST/STM32F0xx/Include" -I"E:/USB FM Radio/Code/usb-fm-radio/Firmware/Drivers/CMSIS/Include" -I"E:/USB FM Radio/Code/usb-fm-radio/Firmware/USB/Core/Inc" -I"E:/USB FM Radio/Code/usb-fm-radio/Firmware/USB/Class/RADIO/Inc" -I"E:/USB FM Radio/Code/usb-fm-radio/Firmware/USB/Class/CustomHID/Inc" -Og -ffunction-sections -fdata-sections -Wall -Wextra -pedantic -pedantic-errors -Wmissing-include-dirs -Wswitch-default -Wswitch-enum -Wconversion -fstack-usage -fcyclomatic-complexity -MMD -MP -MF"Core/Src/si4705.d" -MT"Core/Src/si4705.o" --specs=nano.specs -mfloat-abi=soft -mthumb -o "Core/Src/si4705.o"
arm-none-eabi-gcc "../Core/Src/stm32f0xx_hal_msp.c" -mcpu=cortex-m0 -std=gnu11 -g3 -DDEBUG -DUSE_HAL_DRIVER -DSTM32F042x6 -c -I"E:/USB FM Radio/Code/usb-fm-radio/Firmware/Core/Inc" -I"E:/USB FM Radio/Code/usb-fm-radio/Firmware/Drivers/STM32F0xx_HAL_Driver/Inc" -I"E:/USB FM Radio/Code/usb-fm-radio/Firmware/Drivers/STM32F0xx_HAL_Driver/Inc/Legacy" -I"E:/USB FM Radio/Code/usb-fm-radio/Firmware/Drivers/CMSIS/Device/ST/STM32F0xx/Include" -I"E:/USB FM Radio/Code/usb-fm-radio/Firmware/Drivers/CMSIS/Include" -I"E:/USB FM Radio/Code/usb-fm-radio/Firmware/USB/Core/Inc" -I"E:/USB FM Radio/Code/usb-fm-radio/Firmware/USB/Class/RADIO/Inc" -I"E:/USB FM Radio/Code/usb-fm-radio/Firmware/USB/Class/CustomHID/Inc" -Og -ffunction-sections -fdata-sections -Wall -Wextra -pedantic -pedantic-errors -Wmissing-include-dirs -Wswitch-default -Wswitch-enum -Wconversion -fstack-usage -fcyclomatic-complexity -MMD -MP -MF"Core/Src/stm32f0xx_hal_msp.d" -MT"Core/Src/stm32f0xx_hal_msp.o" --specs=nano.specs -mfloat-abi=soft -mthumb -o "Core/Src/stm32f0xx_hal_msp.o"
arm-none-eabi-gcc "../Core/Src/stm32f0xx_it.c" -mcpu=cortex-m0 -std=gnu11 -g3 -DDEBUG -DUSE_HAL_DRIVER -DSTM32F042x6 -c -I"E:/USB FM Radio/Code/usb-fm-radio/Firmware/Core/Inc" -I"E:/USB FM Radio/Code/usb-fm-radio/Firmware/Drivers/STM32F0xx_HAL_Driver/Inc" -I"E:/USB FM Radio/Code/usb-fm-radio/Firmware/Drivers/STM32F0xx_HAL_Driver/Inc/Legacy" -I"E:/USB FM Radio/Code/usb-fm-radio/Firmware/Drivers/CMSIS/Device/ST/STM32F0xx/Include" -I"E:/USB FM Radio/Code/usb-fm-radio/Firmware/Drivers/CMSIS/Include" -I"E:/USB FM Radio/Code/usb-fm-radio/Firmware/USB/Core/Inc" -I"E:/USB FM Radio/Code/usb-fm-radio/Firmware/USB/Class/RADIO/Inc" -I"E:/USB FM Radio/Code/usb-fm-radio/Firmware/USB/Class/CustomHID/Inc" -Og -ffunction-sections -fdata-sections -Wall -Wextra -pedantic -pedantic-errors -Wmissing-include-dirs -Wswitch-default -Wswitch-enum -Wconversion -fstack-usage -fcyclomatic-complexity -MMD -MP -MF"Core/Src/stm32f0xx_it.d" -MT"Core/Src/stm32f0xx_it.o" --specs=nano.specs -mfloat-abi=soft -mthumb -o "Core/Src/stm32f0xx_it.o"
arm-none-eabi-gcc "../Core/Src/syscalls.c" -mcpu=cortex-m0 -std=gnu11 -g3 -DDEBUG -DUSE_HAL_DRIVER -DSTM32F042x6 -c -I"E:/USB FM Radio/Code/usb-fm-radio/Firmware/Core/Inc" -I"E:/USB FM Radio/Code/usb-fm-radio/Firmware/Drivers/STM32F0xx_HAL_Driver/Inc" -I"E:/USB FM Radio/Code/usb-fm-radio/Firmware/Drivers/STM32F0xx_HAL_Driver/Inc/Legacy" -I"E:/USB FM Radio/Code/usb-fm-radio/Firmware/Drivers/CMSIS/Device/ST/STM32F0xx/Include" -I"E:/USB FM Radio/Code/usb-fm-radio/Firmware/Drivers/CMSIS/Include" -I"E:/USB FM Radio/Code/usb-fm-radio/Firmware/USB/Core/Inc" -I"E:/USB FM Radio/Code/usb-fm-radio/Firmware/USB/Class/RADIO/Inc" -I"E:/USB FM Radio/Code/usb-fm-radio/Firmware/USB/Class/CustomHID/Inc" -Og -ffunction-sections -fdata-sections -Wall -Wextra -pedantic -pedantic-errors -Wmissing-include-dirs -Wswitch-default -Wswitch-enum -Wconversion -fstack-usage -fcyclomatic-complexity -MMD -MP -MF"Core/Src/syscalls.d" -MT"Core/Src/syscalls.o" --specs=nano.specs -mfloat-abi=soft -mthumb -o "Core/Src/syscalls.o"
../Core/Src/syscalls.c: In function '_read':
../Core/Src/syscalls.c:74:26: warning: conversion from 'int' to 'char' may change value [-Wconversion]
   74 |                 *ptr++ = __io_getchar();
      |                          ^~~~~~~~~~~~
arm-none-eabi-gcc "../Core/Src/sysmem.c" -mcpu=cortex-m0 -std=gnu11 -g3 -DDEBUG -DUSE_HAL_DRIVER -DSTM32F042x6 -c -I"E:/USB FM Radio/Code/usb-fm-radio/Firmware/Core/Inc" -I"E:/USB FM Radio/Code/usb-fm-radio/Firmware/Drivers/STM32F0xx_HAL_Driver/Inc" -I"E:/USB FM Radio/Code/usb-fm-radio/Firmware/Drivers/STM32F0xx_HAL_Driver/Inc/Legacy" -I"E:/USB FM Radio/Code/usb-fm-radio/Firmware/Drivers/CMSIS/Device/ST/STM32F0xx/Include" -I"E:/USB FM Radio/Code/usb-fm-radio/Firmware/Drivers/CMSIS/Include" -I"E:/USB FM Radio/Code/usb-fm-radio/Firmware/USB/Core/Inc" -I"E:/USB FM Radio/Code/usb-fm-radio/Firmware/USB/Class/RADIO/Inc" -I"E:/USB FM Radio/Code/usb-fm-radio/Firmware/USB/Class/CustomHID/Inc" -Og -ffunction-sections -fdata-sections -Wall -Wextra -pedantic -pedantic-errors -Wmissing-include-dirs -Wswitch-default -Wswitch-enum -Wconversion -fstack-usage -fcyclomatic-complexity -MMD -MP -MF"Core/Src/sysmem.d" -MT"Core/Src/sysmem.o" --specs=nano.specs -mfloat-abi=soft -mthumb -o "Core/Src/sysmem.o"
arm-none-eabi-gcc "../Core/Src/system_stm32f0xx.c" -mcpu=cortex-m0 -std=gnu11 -g3 -DDEBUG -DUSE_HAL_DRIVER -DSTM32F042x6 -c -I"E:/USB FM Radio/Code/usb-fm-radio/Firmware/Core/Inc" -I"E:/USB FM Radio/Code/usb-fm-radio/Firmware/Drivers/STM32F0xx_HAL_Driver/Inc" -I"E:/USB FM Radio/Code/usb-fm-radio/Firmware/Drivers/STM32F0xx_HAL_Driver/Inc/Legacy" -I"E:/USB FM Radio/Code/usb-fm-radio/Firmware/Drivers/CMSIS/Device/ST/STM32F0xx/Include" -I"E:/USB FM Radio/Code/usb-fm-radio/Firmware/Drivers/CMSIS/Include" -I"E:/USB FM Radio/Code/usb-fm-radio/Firmware/USB/Core/Inc" -I"E:/USB FM Radio/Code/usb-fm-radio/Firmware/USB/Class/RADIO/Inc" -I"E:/USB FM Radio/Code/usb-fm-radio/Firmware/USB/Class/CustomHID/Inc" -Og -ffunction-sections -fdata-sections -Wall -Wextra -pedantic -pedantic-errors -Wmissing-include-dirs -Wswitch-default -Wswitch-enum -Wconversion -fstack-usage -fcyclomatic-complexity -MMD -MP -MF"Core/Src/system_stm32f0xx.d" -MT"Core/Src/system_stm32f0xx.o" --specs=nano.specs -mfloat-abi=soft -mthumb -o "Core/Src/system_stm32f0xx.o"
arm-none-eabi-gcc "../Core/Src/usb_device.c" -mcpu=cortex-m0 -std=gnu11 -g3 -DDEBUG -DUSE_HAL_DRIVER -DSTM32F042x6 -c -I"E:/USB FM Radio/Code/usb-fm-radio/Firmware/Core/Inc" -I"E:/USB FM Radio/Code/usb-fm-radio/Firmware/Drivers/STM32F0xx_HAL_Driver/Inc" -I"E:/USB FM Radio/Code/usb-fm-radio/Firmware/Drivers/STM32F0xx_HAL_Driver/Inc/Legacy" -I"E:/USB FM Radio/Code/usb-fm-radio/Firmware/Drivers/CMSIS/Device/ST/STM32F0xx/Include" -I"E:/USB FM Radio/Code/usb-fm-radio/Firmware/Drivers/CMSIS/Include" -I"E:/USB FM Radio/Code/usb-fm-radio/Firmware/USB/Core/Inc" -I"E:/USB FM Radio/Code/usb-fm-radio/Firmware/USB/Class/RADIO/Inc" -I"E:/USB FM Radio/Code/usb-fm-radio/Firmware/USB/Class/CustomHID/Inc" -Og -ffunction-sections -fdata-sections -Wall -Wextra -pedantic -pedantic-errors -Wmissing-include-dirs -Wswitch-default -Wswitch-enum -Wconversion -fstack-usage -fcyclomatic-complexity -MMD -MP -MF"Core/Src/usb_device.d" -MT"Core/Src/usb_device.o" --specs=nano.specs -mfloat-abi=soft -mthumb -o "Core/Src/usb_device.o"
arm-none-eabi-gcc -o "Firmware.elf" @"objects.list"   -mcpu=cortex-m0 -T"E:\USB FM Radio\Code\usb-fm-radio\Firmware\STM32F042C6TX_FLASH.ld" --specs=nosys.specs -Wl,-Map="Firmware.map" -Wl,--cref -Wl,--gc-sections -static --specs=nano.specs -mfloat-abi=soft -mthumb -Wl,--start-group -lc -lm -Wl,--end-group
Finished building target: Firmware.elf
 
arm-none-eabi-size  Firmware.elf 
   text	   data	    bss	    dec	    hex	filename
  29064	    432	   4096	  33592	   8338	Firmware.elf
Finished building: default.size.stdout
 
arm-none-eabi-objdump -h -S Firmware.elf  > "Firmware.list"
Finished building: Firmware.list
 
15:12:48 **** Incremental Build of configuration Debug for project Firmware ****
make all 
arm-none-eabi-size  Firmware.elf 
   text	   data	    bss	    dec	    hex	filename
  29064	    432	   4096	  33592	   8338	Firmware.elf
Finished building: default.size.stdout
 
15:14:02 **** Incremental Build of configuration Debug for project Firmware ****
make all 
arm-none-eabi-size  Firmware.elf 
   text	   data	    bss	    dec	    hex	filename
  29064	    432	   4096	  33592	   8338	Firmware.elf
Finished building: default.size.stdout
 
